Copyright 1986-2022 Xilinx, Inc. All Rights Reserved. Copyright 2022-2025 Advanced Micro Devices, Inc. All Rights Reserved.
---------------------------------------------------------------------------------------------------------------------------------------------
| Tool Version : Vivado v.2025.2 (win64) Build 6299465 Fri Nov 14 19:35:11 GMT 2025
| Date         : Wed May 20 11:53:45 2026
| Host         : PcBobin running 64-bit major release  (build 9200)
| Command      : report_control_sets -verbose -file main_motor_top_pwm_control_sets_placed.rpt
| Design       : main_motor_top_pwm
| Device       : xc7a35t
---------------------------------------------------------------------------------------------------------------------------------------------

Control Set Information

Table of Contents
-----------------
1. Summary
2. Histogram
3. Flip-Flop Distribution
4. Detailed Control Set Information

1. Summary
----------

+----------------------------------------------------------+-------+
|                          Status                          | Count |
+----------------------------------------------------------+-------+
| Total control sets                                       |    13 |
|    Minimum number of control sets                        |    13 |
|    Addition due to synthesis replication                 |     0 |
|    Addition due to physical synthesis replication        |     0 |
| Unused register locations in slices containing registers |    24 |
+----------------------------------------------------------+-------+
* Control sets can be merged at opt_design using control_set_merge or merge_equivalent_drivers
** Run report_qor_suggestions for automated merging and remapping suggestions


2. Histogram
------------

+--------------------+-------+
|       Fanout       | Count |
+--------------------+-------+
| Total control sets |    13 |
| >= 0 to < 4        |     0 |
| >= 4 to < 6        |     0 |
| >= 6 to < 8        |     0 |
| >= 8 to < 10       |     1 |
| >= 10 to < 12      |     1 |
| >= 12 to < 14      |     0 |
| >= 14 to < 16      |     0 |
| >= 16              |    11 |
+--------------------+-------+
* Control sets can be remapped at either synth_design or opt_design


3. Flip-Flop Distribution
-------------------------

+--------------+-----------------------+------------------------+-----------------+--------------+
| Clock Enable | Synchronous Set/Reset | Asynchronous Set/Reset | Total Registers | Total Slices |
+--------------+-----------------------+------------------------+-----------------+--------------+
| No           | No                    | No                     |              16 |           11 |
| No           | No                    | Yes                    |               0 |            0 |
| No           | Yes                   | No                     |              36 |           13 |
| Yes          | No                    | No                     |              64 |           18 |
| Yes          | No                    | Yes                    |               0 |            0 |
| Yes          | Yes                   | No                     |             220 |           58 |
+--------------+-----------------------+------------------------+-----------------+--------------+


4. Detailed Control Set Information
-----------------------------------

+----------------+-----------------------------------+-----------------------------------+------------------+----------------+--------------+
|  Clock Signal  |           Enable Signal           |          Set/Reset Signal         | Slice Load Count | Bel Load Count | Bels / Slice |
+----------------+-----------------------------------+-----------------------------------+------------------+----------------+--------------+
|  clk_IBUF_BUFG |                                   | STEP2/calibrated_i_reg_0          |                3 |              9 |         3.00 |
|  clk_IBUF_BUFG |                                   | sw_IBUF[15]                       |                5 |             10 |         2.00 |
|  clk_IBUF_BUFG |                                   |                                   |               11 |             16 |         1.45 |
|  clk_IBUF_BUFG |                                   | digit_select[0]                   |                5 |             17 |         3.40 |
|  clk_IBUF_BUFG | STEP1/current_pos[31]_i_2_n_0     | STEP1/current_pos[31]_i_1__0_n_0  |                8 |             31 |         3.88 |
|  clk_IBUF_BUFG | STEP1/homing_steps[31]_i_2_n_0    | STEP1/homing_steps[31]_i_1__0_n_0 |                8 |             31 |         3.88 |
|  clk_IBUF_BUFG | STEP2/current_pos[31]_i_2__0_n_0  | STEP2/current_pos[31]_i_1_n_0     |                8 |             31 |         3.88 |
|  clk_IBUF_BUFG | STEP2/homing_steps[31]_i_2__0_n_0 | STEP2/homing_steps[31]_i_1_n_0    |                8 |             31 |         3.88 |
|  clk_IBUF_BUFG | STEP2/tick_cnt[31]_i_1__0_n_0     |                                   |                9 |             32 |         3.56 |
|  clk_IBUF_BUFG | STEP2/wait_cnt[31]_i_2__0_n_0     | STEP2/wait_cnt[31]_i_1_n_0        |                9 |             32 |         3.56 |
|  clk_IBUF_BUFG | STEP1/tick_cnt[31]_i_1_n_0        |                                   |                9 |             32 |         3.56 |
|  clk_IBUF_BUFG | STEP1/wait_cnt[31]_i_2_n_0        | STEP1/wait_cnt[31]_i_1__0_n_0     |                9 |             32 |         3.56 |
|  clk_IBUF_BUFG | counter[0]                        | sw_IBUF[15]                       |                8 |             32 |         4.00 |
+----------------+-----------------------------------+-----------------------------------+------------------+----------------+--------------+


