Copyright 1986-2022 Xilinx, Inc. All Rights Reserved. Copyright 2022-2025 Advanced Micro Devices, Inc. All Rights Reserved.
------------------------------------------------------------------------------------------------------------------------------------------------------------------------------------------------------------------------------------------------------------------
| Tool Version : Vivado v.2025.2 (win64) Build 6299465 Fri Nov 14 19:35:11 GMT 2025
| Date         : Thu May 14 17:22:36 2026
| Host         : DESKTOP-UFF887S running 64-bit major release  (build 9200)
| Command      : report_timing_summary -max_paths 10 -routable_nets -report_unconstrained -file main_motor_top_pwm_timing_summary_routed.rpt -pb main_motor_top_pwm_timing_summary_routed.pb -rpx main_motor_top_pwm_timing_summary_routed.rpx -warn_on_violation
| Design       : main_motor_top_pwm
| Device       : 7a35t-cpg236
| Speed File   : -1  PRODUCTION 1.23 2018-06-13
| Design State : Routed
------------------------------------------------------------------------------------------------------------------------------------------------------------------------------------------------------------------------------------------------------------------

Timing Summary Report

------------------------------------------------------------------------------------------------
| Timer Settings
| --------------
------------------------------------------------------------------------------------------------

  Enable Multi Corner Analysis               :  Yes
  Enable Pessimism Removal                   :  Yes
  Pessimism Removal Resolution               :  Nearest Common Node
  Enable Input Delay Default Clock           :  No
  Enable Preset / Clear Arcs                 :  No
  Disable Flight Delays                      :  No
  Ignore I/O Paths                           :  No
  Timing Early Launch at Borrowing Latches   :  No
  Borrow Time for Max Delay Exceptions       :  Yes
  Merge Timing Exceptions                    :  Yes
  Inter-SLR Compensation                     :  Conservative

  Corner  Analyze    Analyze    
  Name    Max Paths  Min Paths  
  ------  ---------  ---------  
  Slow    Yes        Yes        
  Fast    Yes        Yes        


------------------------------------------------------------------------------------------------
| Report Methodology
| ------------------
------------------------------------------------------------------------------------------------

Rule       Severity          Description                  Violations  
---------  ----------------  ---------------------------  ----------  
TIMING-17  Critical Warning  Non-clocked sequential cell  315         

Note: This report is based on the most recent report_methodology run and may not be up-to-date. Run report_methodology on the current design for the latest report.



check_timing report

Table of Contents
-----------------
1. checking no_clock (315)
2. checking constant_clock (0)
3. checking pulse_width_clock (0)
4. checking unconstrained_internal_endpoints (839)
5. checking no_input_delay (6)
6. checking no_output_delay (12)
7. checking multiple_clock (0)
8. checking generated_clocks (0)
9. checking loops (0)
10. checking partial_input_delay (0)
11. checking partial_output_delay (0)
12. checking latch_loops (0)

1. checking no_clock (315)
--------------------------
 There are 315 register/latch pins with no clock driven by root clock pin: clk (HIGH)


2. checking constant_clock (0)
------------------------------
 There are 0 register/latch pins with constant_clock.


3. checking pulse_width_clock (0)
---------------------------------
 There are 0 register/latch pins which need pulse_width check


4. checking unconstrained_internal_endpoints (839)
--------------------------------------------------
 There are 839 pins that are not constrained for maximum delay. (HIGH)

 There are 0 pins that are not constrained for maximum delay due to constant clock.


5. checking no_input_delay (6)
------------------------------
 There are 6 input ports with no input delay specified. (HIGH)

 There are 0 input ports with no input delay but user has a false path constraint.


6. checking no_output_delay (12)
--------------------------------
 There are 12 ports with no output delay specified. (HIGH)

 There are 0 ports with no output delay but user has a false path constraint

 There are 0 ports with no output delay but with a timing clock defined on it or propagating through it


7. checking multiple_clock (0)
------------------------------
 There are 0 register/latch pins with multiple clocks.


8. checking generated_clocks (0)
--------------------------------
 There are 0 generated clocks that are not connected to a clock source.


9. checking loops (0)
---------------------
 There are 0 combinational loops in the design.


10. checking partial_input_delay (0)
------------------------------------
 There are 0 input ports with partial input delay specified.


11. checking partial_output_delay (0)
-------------------------------------
 There are 0 ports with partial output delay specified.


12. checking latch_loops (0)
----------------------------
 There are 0 combinational latch loops in the design through latch input



------------------------------------------------------------------------------------------------
| Design Timing Summary
| ---------------------
------------------------------------------------------------------------------------------------

    WNS(ns)      TNS(ns)  TNS Failing Endpoints  TNS Total Endpoints      WHS(ns)      THS(ns)  THS Failing Endpoints  THS Total Endpoints     WPWS(ns)     TPWS(ns)  TPWS Failing Endpoints  TPWS Total Endpoints  
    -------      -------  ---------------------  -------------------      -------      -------  ---------------------  -------------------     --------     --------  ----------------------  --------------------  
        inf        0.000                      0                  852          inf        0.000                      0                  852           NA           NA                      NA                    NA  


There are no user specified timing constraints.


------------------------------------------------------------------------------------------------
| Clock Summary
| -------------
------------------------------------------------------------------------------------------------


------------------------------------------------------------------------------------------------
| Intra Clock Table
| -----------------
------------------------------------------------------------------------------------------------

Clock             WNS(ns)      TNS(ns)  TNS Failing Endpoints  TNS Total Endpoints      WHS(ns)      THS(ns)  THS Failing Endpoints  THS Total Endpoints     WPWS(ns)     TPWS(ns)  TPWS Failing Endpoints  TPWS Total Endpoints  
-----             -------      -------  ---------------------  -------------------      -------      -------  ---------------------  -------------------     --------     --------  ----------------------  --------------------  


------------------------------------------------------------------------------------------------
| Inter Clock Table
| -----------------
------------------------------------------------------------------------------------------------

From Clock    To Clock          WNS(ns)      TNS(ns)  TNS Failing Endpoints  TNS Total Endpoints      WHS(ns)      THS(ns)  THS Failing Endpoints  THS Total Endpoints  
----------    --------          -------      -------  ---------------------  -------------------      -------      -------  ---------------------  -------------------  


------------------------------------------------------------------------------------------------
| Other Path Groups Table
| -----------------------
------------------------------------------------------------------------------------------------

Path Group    From Clock    To Clock          WNS(ns)      TNS(ns)  TNS Failing Endpoints  TNS Total Endpoints      WHS(ns)      THS(ns)  THS Failing Endpoints  THS Total Endpoints  
----------    ----------    --------          -------      -------  ---------------------  -------------------      -------      -------  ---------------------  -------------------  


------------------------------------------------------------------------------------------------
| User Ignored Path Table
| -----------------------
------------------------------------------------------------------------------------------------

Path Group    From Clock    To Clock    
----------    ----------    --------    


------------------------------------------------------------------------------------------------
| Unconstrained Path Table
| ------------------------
------------------------------------------------------------------------------------------------

Path Group    From Clock    To Clock    
----------    ----------    --------    
(none)                                    


------------------------------------------------------------------------------------------------
| Timing Details
| --------------
------------------------------------------------------------------------------------------------


--------------------------------------------------------------------------------------
Path Group:  (none)
From Clock:  
  To Clock:  

Max Delay           852 Endpoints
Min Delay           852 Endpoints
--------------------------------------------------------------------------------------


Max Delay Paths
--------------------------------------------------------------------------------------
Slack:                    inf
  Source:                 sw[0]
                            (input port)
  Destination:            JA[3]
                            (output port)
  Path Group:             (none)
  Path Type:              Max at Slow Process Corner
  Data Path Delay:        11.590ns  (logic 4.960ns (42.793%)  route 6.631ns (57.207%))
  Logic Levels:           2  (IBUF=1 OBUF=1)

    Location             Delay type                Incr(ns)  Path(ns)    Netlist Resource(s)
  -------------------------------------------------------------------    -------------------
    V17                                               0.000     0.000 r  sw[0] (IN)
                         net (fo=0)                   0.000     0.000    sw[0]
    V17                  IBUF (Prop_ibuf_I_O)         1.453     1.453 r  sw_IBUF[0]_inst/O
                         net (fo=1, routed)           6.631     8.083    JA_OBUF[3]
    G3                   OBUF (Prop_obuf_I_O)         3.507    11.590 r  JA_OBUF[3]_inst/O
                         net (fo=0)                   0.000    11.590    JA[3]
    G3                                                                r  JA[3] (OUT)
  -------------------------------------------------------------------    -------------------

Slack:                    inf
  Source:                 STEP2/FSM_sequential_state_reg[0]/C
                            (rising edge-triggered cell FDRE)
  Destination:            led[3]
                            (output port)
  Path Group:             (none)
  Path Type:              Max at Slow Process Corner
  Data Path Delay:        10.903ns  (logic 4.315ns (39.573%)  route 6.588ns (60.427%))
  Logic Levels:           3  (FDRE=1 LUT3=1 OBUF=1)

    Location             Delay type                Incr(ns)  Path(ns)    Netlist Resource(s)
  -------------------------------------------------------------------    -------------------
    SLICE_X57Y50         FDRE                         0.000     0.000 r  STEP2/FSM_sequential_state_reg[0]/C
    SLICE_X57Y50         FDRE (Prop_fdre_C_Q)         0.456     0.456 f  STEP2/FSM_sequential_state_reg[0]/Q
                         net (fo=49, routed)          2.704     3.160    STEP2/state[0]
    SLICE_X54Y42         LUT3 (Prop_lut3_I2_O)        0.146     3.306 r  STEP2/led_OBUF[3]_inst_i_1/O
                         net (fo=1, routed)           3.885     7.190    led_OBUF[3]
    W18                  OBUF (Prop_obuf_I_O)         3.713    10.903 r  led_OBUF[3]_inst/O
                         net (fo=0)                   0.000    10.903    led[3]
    W18                                                               r  led[3] (OUT)
  -------------------------------------------------------------------    -------------------

Slack:                    inf
  Source:                 STEP1/FSM_sequential_state_reg[2]/C
                            (rising edge-triggered cell FDRE)
  Destination:            led[2]
                            (output port)
  Path Group:             (none)
  Path Type:              Max at Slow Process Corner
  Data Path Delay:        10.339ns  (logic 4.227ns (40.886%)  route 6.112ns (59.114%))
  Logic Levels:           3  (FDRE=1 LUT3=1 OBUF=1)

    Location             Delay type                Incr(ns)  Path(ns)    Netlist Resource(s)
  -------------------------------------------------------------------    -------------------
    SLICE_X58Y52         FDRE                         0.000     0.000 r  STEP1/FSM_sequential_state_reg[2]/C
    SLICE_X58Y52         FDRE (Prop_fdre_C_Q)         0.419     0.419 r  STEP1/FSM_sequential_state_reg[2]/Q
                         net (fo=56, routed)          2.341     2.760    STEP1/state[2]
    SLICE_X61Y47         LUT3 (Prop_lut3_I1_O)        0.299     3.059 r  STEP1/led_OBUF[2]_inst_i_1/O
                         net (fo=1, routed)           3.770     6.830    led_OBUF[2]
    V19                  OBUF (Prop_obuf_I_O)         3.509    10.339 r  led_OBUF[2]_inst/O
                         net (fo=0)                   0.000    10.339    led[2]
    V19                                                               r  led[2] (OUT)
  -------------------------------------------------------------------    -------------------

Slack:                    inf
  Source:                 STEP1/calibrated_i_reg/C
                            (rising edge-triggered cell FDRE)
  Destination:            led[0]
                            (output port)
  Path Group:             (none)
  Path Type:              Max at Slow Process Corner
  Data Path Delay:        8.758ns  (logic 3.961ns (45.224%)  route 4.797ns (54.776%))
  Logic Levels:           2  (FDRE=1 OBUF=1)

    Location             Delay type                Incr(ns)  Path(ns)    Netlist Resource(s)
  -------------------------------------------------------------------    -------------------
    SLICE_X61Y47         FDRE                         0.000     0.000 r  STEP1/calibrated_i_reg/C
    SLICE_X61Y47         FDRE (Prop_fdre_C_Q)         0.456     0.456 r  STEP1/calibrated_i_reg/Q
                         net (fo=4, routed)           4.797     5.253    led_OBUF[0]
    U16                  OBUF (Prop_obuf_I_O)         3.505     8.758 r  led_OBUF[0]_inst/O
                         net (fo=0)                   0.000     8.758    led[0]
    U16                                                               r  led[0] (OUT)
  -------------------------------------------------------------------    -------------------

Slack:                    inf
  Source:                 btnC
                            (input port)
  Destination:            STEP2/tick_cnt_reg[1]/CE
  Path Group:             (none)
  Path Type:              Max at Slow Process Corner
  Data Path Delay:        8.453ns  (logic 1.565ns (18.517%)  route 6.888ns (81.483%))
  Logic Levels:           2  (IBUF=1 LUT2=1)

    Location             Delay type                Incr(ns)  Path(ns)    Netlist Resource(s)
  -------------------------------------------------------------------    -------------------
    U18                                               0.000     0.000 f  btnC (IN)
                         net (fo=0)                   0.000     0.000    btnC
    U18                  IBUF (Prop_ibuf_I_O)         1.441     1.441 f  btnC_IBUF_inst/O
                         net (fo=63, routed)          5.311     6.752    STEP2/btnC_IBUF
    SLICE_X52Y53         LUT2 (Prop_lut2_I1_O)        0.124     6.876 r  STEP2/tick_cnt[31]_i_1__0/O
                         net (fo=32, routed)          1.577     8.453    STEP2/tick_cnt[31]_i_1__0_n_0
    SLICE_X50Y42         FDRE                                         r  STEP2/tick_cnt_reg[1]/CE
  -------------------------------------------------------------------    -------------------

Slack:                    inf
  Source:                 btnC
                            (input port)
  Destination:            STEP2/tick_cnt_reg[2]/CE
  Path Group:             (none)
  Path Type:              Max at Slow Process Corner
  Data Path Delay:        8.453ns  (logic 1.565ns (18.517%)  route 6.888ns (81.483%))
  Logic Levels:           2  (IBUF=1 LUT2=1)

    Location             Delay type                Incr(ns)  Path(ns)    Netlist Resource(s)
  -------------------------------------------------------------------    -------------------
    U18                                               0.000     0.000 f  btnC (IN)
                         net (fo=0)                   0.000     0.000    btnC
    U18                  IBUF (Prop_ibuf_I_O)         1.441     1.441 f  btnC_IBUF_inst/O
                         net (fo=63, routed)          5.311     6.752    STEP2/btnC_IBUF
    SLICE_X52Y53         LUT2 (Prop_lut2_I1_O)        0.124     6.876 r  STEP2/tick_cnt[31]_i_1__0/O
                         net (fo=32, routed)          1.577     8.453    STEP2/tick_cnt[31]_i_1__0_n_0
    SLICE_X50Y42         FDRE                                         r  STEP2/tick_cnt_reg[2]/CE
  -------------------------------------------------------------------    -------------------

Slack:                    inf
  Source:                 btnC
                            (input port)
  Destination:            STEP2/tick_cnt_reg[3]/CE
  Path Group:             (none)
  Path Type:              Max at Slow Process Corner
  Data Path Delay:        8.453ns  (logic 1.565ns (18.517%)  route 6.888ns (81.483%))
  Logic Levels:           2  (IBUF=1 LUT2=1)

    Location             Delay type                Incr(ns)  Path(ns)    Netlist Resource(s)
  -------------------------------------------------------------------    -------------------
    U18                                               0.000     0.000 f  btnC (IN)
                         net (fo=0)                   0.000     0.000    btnC
    U18                  IBUF (Prop_ibuf_I_O)         1.441     1.441 f  btnC_IBUF_inst/O
                         net (fo=63, routed)          5.311     6.752    STEP2/btnC_IBUF
    SLICE_X52Y53         LUT2 (Prop_lut2_I1_O)        0.124     6.876 r  STEP2/tick_cnt[31]_i_1__0/O
                         net (fo=32, routed)          1.577     8.453    STEP2/tick_cnt[31]_i_1__0_n_0
    SLICE_X50Y42         FDRE                                         r  STEP2/tick_cnt_reg[3]/CE
  -------------------------------------------------------------------    -------------------

Slack:                    inf
  Source:                 btnC
                            (input port)
  Destination:            STEP2/tick_cnt_reg[4]/CE
  Path Group:             (none)
  Path Type:              Max at Slow Process Corner
  Data Path Delay:        8.453ns  (logic 1.565ns (18.517%)  route 6.888ns (81.483%))
  Logic Levels:           2  (IBUF=1 LUT2=1)

    Location             Delay type                Incr(ns)  Path(ns)    Netlist Resource(s)
  -------------------------------------------------------------------    -------------------
    U18                                               0.000     0.000 f  btnC (IN)
                         net (fo=0)                   0.000     0.000    btnC
    U18                  IBUF (Prop_ibuf_I_O)         1.441     1.441 f  btnC_IBUF_inst/O
                         net (fo=63, routed)          5.311     6.752    STEP2/btnC_IBUF
    SLICE_X52Y53         LUT2 (Prop_lut2_I1_O)        0.124     6.876 r  STEP2/tick_cnt[31]_i_1__0/O
                         net (fo=32, routed)          1.577     8.453    STEP2/tick_cnt[31]_i_1__0_n_0
    SLICE_X50Y42         FDRE                                         r  STEP2/tick_cnt_reg[4]/CE
  -------------------------------------------------------------------    -------------------

Slack:                    inf
  Source:                 btnC
                            (input port)
  Destination:            STEP2/tick_cnt_reg[11]/CE
  Path Group:             (none)
  Path Type:              Max at Slow Process Corner
  Data Path Delay:        8.450ns  (logic 1.565ns (18.525%)  route 6.885ns (81.475%))
  Logic Levels:           2  (IBUF=1 LUT2=1)

    Location             Delay type                Incr(ns)  Path(ns)    Netlist Resource(s)
  -------------------------------------------------------------------    -------------------
    U18                                               0.000     0.000 f  btnC (IN)
                         net (fo=0)                   0.000     0.000    btnC
    U18                  IBUF (Prop_ibuf_I_O)         1.441     1.441 f  btnC_IBUF_inst/O
                         net (fo=63, routed)          5.311     6.752    STEP2/btnC_IBUF
    SLICE_X52Y53         LUT2 (Prop_lut2_I1_O)        0.124     6.876 r  STEP2/tick_cnt[31]_i_1__0/O
                         net (fo=32, routed)          1.574     8.450    STEP2/tick_cnt[31]_i_1__0_n_0
    SLICE_X50Y43         FDRE                                         r  STEP2/tick_cnt_reg[11]/CE
  -------------------------------------------------------------------    -------------------

Slack:                    inf
  Source:                 btnC
                            (input port)
  Destination:            STEP2/tick_cnt_reg[5]/CE
  Path Group:             (none)
  Path Type:              Max at Slow Process Corner
  Data Path Delay:        8.450ns  (logic 1.565ns (18.525%)  route 6.885ns (81.475%))
  Logic Levels:           2  (IBUF=1 LUT2=1)

    Location             Delay type                Incr(ns)  Path(ns)    Netlist Resource(s)
  -------------------------------------------------------------------    -------------------
    U18                                               0.000     0.000 f  btnC (IN)
                         net (fo=0)                   0.000     0.000    btnC
    U18                  IBUF (Prop_ibuf_I_O)         1.441     1.441 f  btnC_IBUF_inst/O
                         net (fo=63, routed)          5.311     6.752    STEP2/btnC_IBUF
    SLICE_X52Y53         LUT2 (Prop_lut2_I1_O)        0.124     6.876 r  STEP2/tick_cnt[31]_i_1__0/O
                         net (fo=32, routed)          1.574     8.450    STEP2/tick_cnt[31]_i_1__0_n_0
    SLICE_X50Y43         FDRE                                         r  STEP2/tick_cnt_reg[5]/CE
  -------------------------------------------------------------------    -------------------





Min Delay Paths
--------------------------------------------------------------------------------------
Slack:                    inf
  Source:                 STEP1/calibrated_i_reg/C
                            (rising edge-triggered cell FDRE)
  Destination:            STEP1/calibrated_i_reg/D
  Path Group:             (none)
  Path Type:              Min at Fast Process Corner
  Data Path Delay:        0.353ns  (logic 0.183ns (51.772%)  route 0.170ns (48.228%))
  Logic Levels:           2  (FDRE=1 LUT5=1)

    Location             Delay type                Incr(ns)  Path(ns)    Netlist Resource(s)
  -------------------------------------------------------------------    -------------------
    SLICE_X61Y47         FDRE                         0.000     0.000 r  STEP1/calibrated_i_reg/C
    SLICE_X61Y47         FDRE (Prop_fdre_C_Q)         0.141     0.141 r  STEP1/calibrated_i_reg/Q
                         net (fo=4, routed)           0.170     0.311    STEP1/led_OBUF[0]
    SLICE_X61Y47         LUT5 (Prop_lut5_I4_O)        0.042     0.353 r  STEP1/calibrated_i_i_1/O
                         net (fo=1, routed)           0.000     0.353    STEP1/calibrated_i_i_1_n_0
    SLICE_X61Y47         FDRE                                         r  STEP1/calibrated_i_reg/D
  -------------------------------------------------------------------    -------------------

Slack:                    inf
  Source:                 STEP2/homing_steps_reg[0]/C
                            (rising edge-triggered cell FDRE)
  Destination:            STEP2/homing_steps_reg[0]/D
  Path Group:             (none)
  Path Type:              Min at Fast Process Corner
  Data Path Delay:        0.354ns  (logic 0.186ns (52.498%)  route 0.168ns (47.502%))
  Logic Levels:           2  (FDRE=1 LUT4=1)

    Location             Delay type                Incr(ns)  Path(ns)    Netlist Resource(s)
  -------------------------------------------------------------------    -------------------
    SLICE_X53Y45         FDRE                         0.000     0.000 r  STEP2/homing_steps_reg[0]/C
    SLICE_X53Y45         FDRE (Prop_fdre_C_Q)         0.141     0.141 r  STEP2/homing_steps_reg[0]/Q
                         net (fo=4, routed)           0.168     0.309    STEP2/homing_steps_reg_n_0_[0]
    SLICE_X53Y45         LUT4 (Prop_lut4_I3_O)        0.045     0.354 r  STEP2/homing_steps[0]_i_1__0/O
                         net (fo=1, routed)           0.000     0.354    STEP2/homing_steps[0]_i_1__0_n_0
    SLICE_X53Y45         FDRE                                         r  STEP2/homing_steps_reg[0]/D
  -------------------------------------------------------------------    -------------------

Slack:                    inf
  Source:                 STEP1/current_pos_reg[0]/C
                            (rising edge-triggered cell FDRE)
  Destination:            STEP1/current_pos_reg[0]/D
  Path Group:             (none)
  Path Type:              Min at Fast Process Corner
  Data Path Delay:        0.356ns  (logic 0.186ns (52.178%)  route 0.170ns (47.822%))
  Logic Levels:           2  (FDRE=1 LUT4=1)

    Location             Delay type                Incr(ns)  Path(ns)    Netlist Resource(s)
  -------------------------------------------------------------------    -------------------
    SLICE_X61Y51         FDRE                         0.000     0.000 r  STEP1/current_pos_reg[0]/C
    SLICE_X61Y51         FDRE (Prop_fdre_C_Q)         0.141     0.141 r  STEP1/current_pos_reg[0]/Q
                         net (fo=4, routed)           0.170     0.311    STEP1/current_pos_reg_n_0_[0]
    SLICE_X61Y51         LUT4 (Prop_lut4_I3_O)        0.045     0.356 r  STEP1/current_pos[0]_i_1/O
                         net (fo=1, routed)           0.000     0.356    STEP1/current_pos[0]_i_1_n_0
    SLICE_X61Y51         FDRE                                         r  STEP1/current_pos_reg[0]/D
  -------------------------------------------------------------------    -------------------

Slack:                    inf
  Source:                 STEP2/current_pos_reg[0]/C
                            (rising edge-triggered cell FDRE)
  Destination:            STEP2/current_pos_reg[0]/D
  Path Group:             (none)
  Path Type:              Min at Fast Process Corner
  Data Path Delay:        0.365ns  (logic 0.186ns (50.931%)  route 0.179ns (49.069%))
  Logic Levels:           2  (FDRE=1 LUT1=1)

    Location             Delay type                Incr(ns)  Path(ns)    Netlist Resource(s)
  -------------------------------------------------------------------    -------------------
    SLICE_X57Y43         FDRE                         0.000     0.000 r  STEP2/current_pos_reg[0]/C
    SLICE_X57Y43         FDRE (Prop_fdre_C_Q)         0.141     0.141 f  STEP2/current_pos_reg[0]/Q
                         net (fo=4, routed)           0.179     0.320    STEP2/current_pos_reg_n_0_[0]
    SLICE_X57Y43         LUT1 (Prop_lut1_I0_O)        0.045     0.365 r  STEP2/current_pos[0]_i_1__0/O
                         net (fo=1, routed)           0.000     0.365    STEP2/current_pos[0]_i_1__0_n_0
    SLICE_X57Y43         FDRE                                         r  STEP2/current_pos_reg[0]/D
  -------------------------------------------------------------------    -------------------

Slack:                    inf
  Source:                 STEP2/FSM_sequential_state_reg[0]/C
                            (rising edge-triggered cell FDRE)
  Destination:            STEP2/FSM_sequential_state_reg[0]/D
  Path Group:             (none)
  Path Type:              Min at Fast Process Corner
  Data Path Delay:        0.365ns  (logic 0.186ns (50.902%)  route 0.179ns (49.098%))
  Logic Levels:           2  (FDRE=1 LUT5=1)

    Location             Delay type                Incr(ns)  Path(ns)    Netlist Resource(s)
  -------------------------------------------------------------------    -------------------
    SLICE_X57Y50         FDRE                         0.000     0.000 r  STEP2/FSM_sequential_state_reg[0]/C
    SLICE_X57Y50         FDRE (Prop_fdre_C_Q)         0.141     0.141 r  STEP2/FSM_sequential_state_reg[0]/Q
                         net (fo=49, routed)          0.179     0.320    STEP2/state[0]
    SLICE_X57Y50         LUT5 (Prop_lut5_I3_O)        0.045     0.365 r  STEP2/FSM_sequential_state[0]_i_1__0/O
                         net (fo=1, routed)           0.000     0.365    STEP2/FSM_sequential_state[0]_i_1__0_n_0
    SLICE_X57Y50         FDRE                                         r  STEP2/FSM_sequential_state_reg[0]/D
  -------------------------------------------------------------------    -------------------

Slack:                    inf
  Source:                 STEP2/FSM_sequential_state_reg[0]/C
                            (rising edge-triggered cell FDRE)
  Destination:            STEP2/FSM_sequential_state_reg[2]/D
  Path Group:             (none)
  Path Type:              Min at Fast Process Corner
  Data Path Delay:        0.365ns  (logic 0.184ns (50.355%)  route 0.181ns (49.645%))
  Logic Levels:           2  (FDRE=1 LUT5=1)

    Location             Delay type                Incr(ns)  Path(ns)    Netlist Resource(s)
  -------------------------------------------------------------------    -------------------
    SLICE_X57Y50         FDRE                         0.000     0.000 r  STEP2/FSM_sequential_state_reg[0]/C
    SLICE_X57Y50         FDRE (Prop_fdre_C_Q)         0.141     0.141 r  STEP2/FSM_sequential_state_reg[0]/Q
                         net (fo=49, routed)          0.181     0.322    STEP2/state[0]
    SLICE_X57Y50         LUT5 (Prop_lut5_I2_O)        0.043     0.365 r  STEP2/FSM_sequential_state[2]_i_1__0/O
                         net (fo=1, routed)           0.000     0.365    STEP2/FSM_sequential_state[2]_i_1__0_n_0
    SLICE_X57Y50         FDRE                                         r  STEP2/FSM_sequential_state_reg[2]/D
  -------------------------------------------------------------------    -------------------

Slack:                    inf
  Source:                 STEP1/wait_cnt_reg[0]/C
                            (rising edge-triggered cell FDRE)
  Destination:            STEP1/wait_cnt_reg[0]/D
  Path Group:             (none)
  Path Type:              Min at Fast Process Corner
  Data Path Delay:        0.366ns  (logic 0.186ns (50.768%)  route 0.180ns (49.232%))
  Logic Levels:           2  (FDRE=1 LUT1=1)

    Location             Delay type                Incr(ns)  Path(ns)    Netlist Resource(s)
  -------------------------------------------------------------------    -------------------
    SLICE_X61Y41         FDRE                         0.000     0.000 r  STEP1/wait_cnt_reg[0]/C
    SLICE_X61Y41         FDRE (Prop_fdre_C_Q)         0.141     0.141 f  STEP1/wait_cnt_reg[0]/Q
                         net (fo=4, routed)           0.180     0.321    STEP1/wait_cnt_reg_n_0_[0]
    SLICE_X61Y41         LUT1 (Prop_lut1_I0_O)        0.045     0.366 r  STEP1/wait_cnt[0]_i_1/O
                         net (fo=1, routed)           0.000     0.366    STEP1/wait_cnt[0]_i_1_n_0
    SLICE_X61Y41         FDRE                                         r  STEP1/wait_cnt_reg[0]/D
  -------------------------------------------------------------------    -------------------

Slack:                    inf
  Source:                 STEP1/homing_steps_reg[0]/C
                            (rising edge-triggered cell FDRE)
  Destination:            STEP1/homing_steps_reg[0]/D
  Path Group:             (none)
  Path Type:              Min at Fast Process Corner
  Data Path Delay:        0.367ns  (logic 0.186ns (50.750%)  route 0.181ns (49.250%))
  Logic Levels:           2  (FDRE=1 LUT4=1)

    Location             Delay type                Incr(ns)  Path(ns)    Netlist Resource(s)
  -------------------------------------------------------------------    -------------------
    SLICE_X61Y50         FDRE                         0.000     0.000 r  STEP1/homing_steps_reg[0]/C
    SLICE_X61Y50         FDRE (Prop_fdre_C_Q)         0.141     0.141 r  STEP1/homing_steps_reg[0]/Q
                         net (fo=4, routed)           0.181     0.322    STEP1/homing_steps_reg_n_0_[0]
    SLICE_X61Y50         LUT4 (Prop_lut4_I3_O)        0.045     0.367 r  STEP1/homing_steps[0]_i_1/O
                         net (fo=1, routed)           0.000     0.367    STEP1/homing_steps[0]_i_1_n_0
    SLICE_X61Y50         FDRE                                         r  STEP1/homing_steps_reg[0]/D
  -------------------------------------------------------------------    -------------------

Slack:                    inf
  Source:                 STEP2/FSM_sequential_state_reg[0]/C
                            (rising edge-triggered cell FDRE)
  Destination:            STEP2/FSM_sequential_state_reg[1]/D
  Path Group:             (none)
  Path Type:              Min at Fast Process Corner
  Data Path Delay:        0.367ns  (logic 0.186ns (50.625%)  route 0.181ns (49.375%))
  Logic Levels:           2  (FDRE=1 LUT5=1)

    Location             Delay type                Incr(ns)  Path(ns)    Netlist Resource(s)
  -------------------------------------------------------------------    -------------------
    SLICE_X57Y50         FDRE                         0.000     0.000 r  STEP2/FSM_sequential_state_reg[0]/C
    SLICE_X57Y50         FDRE (Prop_fdre_C_Q)         0.141     0.141 r  STEP2/FSM_sequential_state_reg[0]/Q
                         net (fo=49, routed)          0.181     0.322    STEP2/state[0]
    SLICE_X57Y50         LUT5 (Prop_lut5_I2_O)        0.045     0.367 r  STEP2/FSM_sequential_state[1]_i_1__0/O
                         net (fo=1, routed)           0.000     0.367    STEP2/FSM_sequential_state[1]_i_1__0_n_0
    SLICE_X57Y50         FDRE                                         r  STEP2/FSM_sequential_state_reg[1]/D
  -------------------------------------------------------------------    -------------------

Slack:                    inf
  Source:                 STEP2/homing_steps_reg[20]/C
                            (rising edge-triggered cell FDRE)
  Destination:            STEP2/homing_steps_reg[20]/D
  Path Group:             (none)
  Path Type:              Min at Fast Process Corner
  Data Path Delay:        0.368ns  (logic 0.249ns (67.612%)  route 0.119ns (32.388%))
  Logic Levels:           2  (CARRY4=1 FDRE=1)

    Location             Delay type                Incr(ns)  Path(ns)    Netlist Resource(s)
  -------------------------------------------------------------------    -------------------
    SLICE_X53Y51         FDRE                         0.000     0.000 r  STEP2/homing_steps_reg[20]/C
    SLICE_X53Y51         FDRE (Prop_fdre_C_Q)         0.141     0.141 r  STEP2/homing_steps_reg[20]/Q
                         net (fo=3, routed)           0.119     0.260    STEP2/homing_steps_reg_n_0_[20]
    SLICE_X53Y51         CARRY4 (Prop_carry4_S[3]_O[3])
                                                      0.108     0.368 r  STEP2/homing_steps_reg[20]_i_1__0/O[3]
                         net (fo=1, routed)           0.000     0.368    STEP2/in12[20]
    SLICE_X53Y51         FDRE                                         r  STEP2/homing_steps_reg[20]/D
  -------------------------------------------------------------------    -------------------





