
*** Running vivado
    with args -log main_motor_top_pwm.vdi -applog -m64 -product Vivado -messageDb vivado.pb -mode batch -source main_motor_top_pwm.tcl -notrace



****** Vivado v2025.2 (64-bit)
  **** SW Build 6299465 on Fri Nov 14 19:35:11 GMT 2025
  **** IP Build 6300035 on Fri Nov 14 10:48:45 MST 2025
  **** SharedData Build 6298862 on Thu Nov 13 04:50:51 MST 2025
  **** Start of session at: Fri May 29 15:20:39 2026
    ** Copyright 1986-2022 Xilinx, Inc. All Rights Reserved.
    ** Copyright 2022-2025 Advanced Micro Devices, Inc. All Rights Reserved.

source main_motor_top_pwm.tcl -notrace
Command: open_checkpoint C:/Users/robin/Documents/GitHub/FPGA-GearBox---Group-Bertolini-Liberato/Gabriel_Files/Gearbox_Project.runs/impl_1/main_motor_top_pwm.dcp
INFO: [Device 21-403] Loading part xc7a35tcpg236-1
Netlist sorting complete. Time (s): cpu = 00:00:00 ; elapsed = 00:00:00.030 . Memory (MB): peak = 809.379 ; gain = 0.000
INFO: [Netlist 29-17] Analyzing 577 Unisim elements for replacement
INFO: [Netlist 29-28] Unisim Transformation completed in 0 CPU seconds
INFO: [Project 1-479] Netlist was created with Vivado 2025.2
INFO: [Project 1-570] Preparing netlist for logic optimization
Read ShapeDB Complete: Time (s): cpu = 00:00:00 ; elapsed = 00:00:00.016 . Memory (MB): peak = 903.469 ; gain = 1.055
INFO: [Timing 38-478] Restoring timing data from binary archive.
INFO: [Timing 38-479] Binary timing data restore complete.
INFO: [Project 1-856] Restoring constraints from binary archive.
INFO: [Project 1-853] Binary constraint restore complete.
INFO: [Designutils 20-5722] Start Reading Physical Databases.
Reading placement.
Read Netlist Cache: Time (s): cpu = 00:00:00 ; elapsed = 00:00:00 . Memory (MB): peak = 1453.836 ; gain = 0.000
Reading placer database...
Read Device Cache: Time (s): cpu = 00:00:00 ; elapsed = 00:00:00.013 . Memory (MB): peak = 1453.836 ; gain = 0.000
Read PlaceDB: Time (s): cpu = 00:00:00 ; elapsed = 00:00:00 . Memory (MB): peak = 1453.836 ; gain = 0.000
Read placeStorage: Time (s): cpu = 00:00:00 ; elapsed = 00:00:00.002 . Memory (MB): peak = 1453.836 ; gain = 0.000
Read PulsedLatchDB: Time (s): cpu = 00:00:00 ; elapsed = 00:00:00 . Memory (MB): peak = 1453.836 ; gain = 0.000
Reading routing.
Read RouteStorage: Time (s): cpu = 00:00:00 ; elapsed = 00:00:00.007 . Memory (MB): peak = 1453.836 ; gain = 0.000
Read Physdb Files: Time (s): cpu = 00:00:00 ; elapsed = 00:00:00.036 . Memory (MB): peak = 1453.836 ; gain = 0.000
Restored from archive | CPU: 0.000000 secs | Memory: 0.000000 MB |
Finished XDEF File Restore: Time (s): cpu = 00:00:00 ; elapsed = 00:00:00.112 . Memory (MB): peak = 1453.836 ; gain = 9.043
Netlist sorting complete. Time (s): cpu = 00:00:00 ; elapsed = 00:00:00.001 . Memory (MB): peak = 1453.836 ; gain = 0.000
INFO: [Project 1-111] Unisim Transformation Summary:
No Unisim elements were transformed.

INFO: [Project 1-604] Checkpoint was created with Vivado v2025.2 (64-bit) build 6299465
INFO: [Runs 36-643] Strategy 'Vivado Advanced Implementation Defaults' used by Implementation Run impl_1 is not available in Vivado Implementation. Strategy 'Vivado Implementation Defaults' will be used instead
INFO: [Runs 36-641] Report strategy 'Vivado Advanced Implementation Default Reports' used by Implementation Run impl_1 is not available in Vivado Implementation. Strategy 'Vivado Implementation Default Reports' will be used instead
open_checkpoint: Time (s): cpu = 00:00:43 ; elapsed = 00:00:36 . Memory (MB): peak = 1453.836 ; gain = 1079.254
Command: opt_design
Attempting to get a license for feature 'Implementation' and/or device 'xc7a35t'
INFO: [Common 17-349] Got license for feature 'Implementation' and/or device 'xc7a35t'
Running DRC as a precondition to command opt_design

Starting DRC Task
INFO: [DRC 23-27] Running DRC with 2 threads
INFO: [Project 1-461] DRC finished with 0 Errors
INFO: [Project 1-462] Please refer to the DRC report (report_drc) for more information.

Time (s): cpu = 00:00:01 ; elapsed = 00:00:00.925 . Memory (MB): peak = 1484.000 ; gain = 30.164

Starting Cache Timing Information Task
INFO: [Timing 38-35] Done setting XDC timing constraints.
Ending Cache Timing Information Task | Checksum: 29738aa0a

Time (s): cpu = 00:00:00 ; elapsed = 00:00:00.090 . Memory (MB): peak = 1484.000 ; gain = 0.000

Starting Logic Optimization Task

Phase 1 Initialization

Phase 1.1 Core Generation And Design Setup
Phase 1.1 Core Generation And Design Setup | Checksum: 29738aa0a

Time (s): cpu = 00:00:00 ; elapsed = 00:00:00.007 . Memory (MB): peak = 1922.402 ; gain = 0.000

Phase 1.2 Setup Constraints And Sort Netlist
Phase 1.2 Setup Constraints And Sort Netlist | Checksum: 29738aa0a

Time (s): cpu = 00:00:00 ; elapsed = 00:00:00.013 . Memory (MB): peak = 1922.402 ; gain = 0.000
Phase 1 Initialization | Checksum: 29738aa0a

Time (s): cpu = 00:00:00 ; elapsed = 00:00:00.015 . Memory (MB): peak = 1922.402 ; gain = 0.000

Phase 2 Timer Update And Timing Data Collection

Phase 2.1 Detect if minReqCache needed
Phase 2.1 Detect if minReqCache needed | Checksum: 29738aa0a

Time (s): cpu = 00:00:01 ; elapsed = 00:00:00.040 . Memory (MB): peak = 1922.402 ; gain = 0.000

Phase 2.2 Timer Update
Phase 2.2 Timer Update | Checksum: 29738aa0a

Time (s): cpu = 00:00:01 ; elapsed = 00:00:00.176 . Memory (MB): peak = 1922.402 ; gain = 0.000

Phase 2.3 Timing Data Collection
Phase 2.3 Timing Data Collection | Checksum: 29738aa0a

Time (s): cpu = 00:00:01 ; elapsed = 00:00:00.180 . Memory (MB): peak = 1922.402 ; gain = 0.000
Phase 2 Timer Update And Timing Data Collection | Checksum: 29738aa0a

Time (s): cpu = 00:00:01 ; elapsed = 00:00:00.182 . Memory (MB): peak = 1922.402 ; gain = 0.000

Phase 3 Retarget
INFO: [Opt 31-1851] Number of loadless carry chains removed were: 0
INFO: [Opt 31-1834] Total Chains To Be Transformed Were: 0 AND Number of Transformed insts Created are: 0
INFO: [Opt 31-138] Pushed 0 inverter(s) to 0 load pin(s).
INFO: [Opt 31-49] Retargeted 0 cell(s).
Phase 3 Retarget | Checksum: 29738aa0a

Time (s): cpu = 00:00:01 ; elapsed = 00:00:00.342 . Memory (MB): peak = 1922.402 ; gain = 0.000
Retarget | Checksum: 29738aa0a
INFO: [Opt 31-389] Phase Retarget created 0 cells and removed 0 cells

Phase 4 Constant propagation
INFO: [Opt 31-138] Pushed 0 inverter(s) to 0 load pin(s).
Phase 4 Constant propagation | Checksum: 2b4337566

Time (s): cpu = 00:00:01 ; elapsed = 00:00:00.420 . Memory (MB): peak = 1922.402 ; gain = 0.000
Constant propagation | Checksum: 2b4337566
INFO: [Opt 31-389] Phase Constant propagation created 0 cells and removed 0 cells

Phase 5 Sweep
INFO: [Constraints 18-11670] Building netlist checker database with flags, 0x8
Done building netlist checker database: Time (s): cpu = 00:00:00 ; elapsed = 00:00:00.002 . Memory (MB): peak = 1922.402 ; gain = 0.000
Phase 5 Sweep | Checksum: 274047cb8

Time (s): cpu = 00:00:01 ; elapsed = 00:00:00.505 . Memory (MB): peak = 1922.402 ; gain = 0.000
Sweep | Checksum: 274047cb8
INFO: [Opt 31-389] Phase Sweep created 0 cells and removed 0 cells

Phase 6 BUFG optimization
Phase 6 BUFG optimization | Checksum: 274047cb8

Time (s): cpu = 00:00:01 ; elapsed = 00:00:00.583 . Memory (MB): peak = 1922.402 ; gain = 0.000
BUFG optimization | Checksum: 274047cb8
INFO: [Opt 31-662] Phase BUFG optimization created 0 cells of which 0 are BUFGs and removed 0 cells.

Phase 7 Shift Register Optimization
INFO: [Opt 31-1064] SRL Remap converted 0 SRLs to 0 registers and converted 0 registers of register chains to 0 SRLs
Phase 7 Shift Register Optimization | Checksum: 274047cb8

Time (s): cpu = 00:00:01 ; elapsed = 00:00:00.594 . Memory (MB): peak = 1922.402 ; gain = 0.000
Shift Register Optimization | Checksum: 274047cb8
INFO: [Opt 31-389] Phase Shift Register Optimization created 0 cells and removed 0 cells

Phase 8 Post Processing Netlist
Phase 8 Post Processing Netlist | Checksum: 274047cb8

Time (s): cpu = 00:00:01 ; elapsed = 00:00:00.609 . Memory (MB): peak = 1922.402 ; gain = 0.000
Post Processing Netlist | Checksum: 274047cb8
INFO: [Opt 31-389] Phase Post Processing Netlist created 0 cells and removed 0 cells

Phase 9 Finalization

Phase 9.1 Finalizing Design Cores and Updating Shapes
Phase 9.1 Finalizing Design Cores and Updating Shapes | Checksum: 3048041ec

Time (s): cpu = 00:00:01 ; elapsed = 00:00:00.871 . Memory (MB): peak = 1922.402 ; gain = 0.000

Phase 9.2 Verifying Netlist Connectivity

Starting Connectivity Check Task

Time (s): cpu = 00:00:00 ; elapsed = 00:00:00.022 . Memory (MB): peak = 1922.402 ; gain = 0.000
Phase 9.2 Verifying Netlist Connectivity | Checksum: 3048041ec

Time (s): cpu = 00:00:01 ; elapsed = 00:00:00.898 . Memory (MB): peak = 1922.402 ; gain = 0.000
Phase 9 Finalization | Checksum: 3048041ec

Time (s): cpu = 00:00:01 ; elapsed = 00:00:00.900 . Memory (MB): peak = 1922.402 ; gain = 0.000
Opt_design Change Summary
=========================


-------------------------------------------------------------------------------------------------------------------------
|  Phase                        |  #Cells created  |  #Cells Removed  |  #Constrained objects preventing optimizations  |
-------------------------------------------------------------------------------------------------------------------------
|  Retarget                     |               0  |               0  |                                              0  |
|  Constant propagation         |               0  |               0  |                                              0  |
|  Sweep                        |               0  |               0  |                                              0  |
|  BUFG optimization            |               0  |               0  |                                              0  |
|  Shift Register Optimization  |               0  |               0  |                                              0  |
|  Post Processing Netlist      |               0  |               0  |                                              0  |
-------------------------------------------------------------------------------------------------------------------------


Ending Logic Optimization Task | Checksum: 3048041ec

Time (s): cpu = 00:00:01 ; elapsed = 00:00:00.906 . Memory (MB): peak = 1922.402 ; gain = 0.000

Starting Power Optimization Task
INFO: [Pwropt 34-132] Skipping clock gating for clocks with a period < 2.00 ns.
Ending Power Optimization Task | Checksum: 3048041ec

Time (s): cpu = 00:00:00 ; elapsed = 00:00:00.025 . Memory (MB): peak = 1922.402 ; gain = 0.000

Starting Final Cleanup Task
Ending Final Cleanup Task | Checksum: 3048041ec

Time (s): cpu = 00:00:00 ; elapsed = 00:00:00.001 . Memory (MB): peak = 1922.402 ; gain = 0.000
Netlist sorting complete. Time (s): cpu = 00:00:00 ; elapsed = 00:00:00.001 . Memory (MB): peak = 1922.402 ; gain = 0.000
INFO: [Common 17-83] Releasing license: Implementation
34 Infos, 0 Warnings, 0 Critical Warnings and 0 Errors encountered.
opt_design completed successfully
opt_design: Time (s): cpu = 00:00:07 ; elapsed = 00:00:07 . Memory (MB): peak = 1922.402 ; gain = 468.566
INFO: [Vivado 12-24828] Executing command : report_drc -file main_motor_top_pwm_drc_opted.rpt -pb main_motor_top_pwm_drc_opted.pb -rpx main_motor_top_pwm_drc_opted.rpx
Command: report_drc -file main_motor_top_pwm_drc_opted.rpt -pb main_motor_top_pwm_drc_opted.pb -rpx main_motor_top_pwm_drc_opted.rpx
INFO: [IP_Flow 19-234] Refreshing IP repositories
INFO: [IP_Flow 19-1704] No user IP repositories specified
INFO: [IP_Flow 19-2313] Loaded Vivado IP repository 'C:/AMDDesignTools/2025.2/Vivado/data/ip'.
INFO: [DRC 23-27] Running DRC with 2 threads
INFO: [Vivado_Tcl 2-168] The results of DRC are in file C:/Users/robin/Documents/GitHub/FPGA-GearBox---Group-Bertolini-Liberato/Gabriel_Files/Gearbox_Project.runs/impl_1/main_motor_top_pwm_drc_opted.rpt.
report_drc completed successfully
INFO: [Timing 38-480] Writing timing data to binary archive.
Wrote PlaceDB: Time (s): cpu = 00:00:00 ; elapsed = 00:00:00 . Memory (MB): peak = 1922.402 ; gain = 0.000
Wrote PulsedLatchDB: Time (s): cpu = 00:00:00 ; elapsed = 00:00:00 . Memory (MB): peak = 1922.402 ; gain = 0.000
Writing XDEF routing.
Write ShapeDB Complete: Time (s): cpu = 00:00:00 ; elapsed = 00:00:00.020 . Memory (MB): peak = 1922.402 ; gain = 0.000
Writing XDEF routing logical nets.
Writing XDEF routing special nets.
Wrote RouteStorage: Time (s): cpu = 00:00:00 ; elapsed = 00:00:00.026 . Memory (MB): peak = 1922.402 ; gain = 0.000
Wrote PlaceStorage: Time (s): cpu = 00:00:00 ; elapsed = 00:00:00.002 . Memory (MB): peak = 1922.402 ; gain = 0.000
Wrote Netlist Cache: Time (s): cpu = 00:00:00 ; elapsed = 00:00:00.001 . Memory (MB): peak = 1922.402 ; gain = 0.000
Wrote Device Cache: Time (s): cpu = 00:00:00 ; elapsed = 00:00:00.007 . Memory (MB): peak = 1922.402 ; gain = 0.000
Write Physdb Complete: Time (s): cpu = 00:00:00 ; elapsed = 00:00:00.049 . Memory (MB): peak = 1922.402 ; gain = 0.000
INFO: [Common 17-1381] The checkpoint 'C:/Users/robin/Documents/GitHub/FPGA-GearBox---Group-Bertolini-Liberato/Gabriel_Files/Gearbox_Project.runs/impl_1/main_motor_top_pwm_opt.dcp' has been generated.
Command: place_design
Attempting to get a license for feature 'Implementation' and/or device 'xc7a35t'
INFO: [Common 17-349] Got license for feature 'Implementation' and/or device 'xc7a35t'
INFO: [Common 17-83] Releasing license: Implementation
INFO: [DRC 23-27] Running DRC with 2 threads
INFO: [Vivado_Tcl 4-198] DRC finished with 0 Errors
INFO: [Vivado_Tcl 4-199] Please refer to the DRC report (report_drc) for more information.
INFO: [Timing 38-35] Done setting XDC timing constraints.
Running DRC as a precondition to command place_design
INFO: [DRC 23-27] Running DRC with 2 threads
INFO: [Vivado_Tcl 4-198] DRC finished with 0 Errors
INFO: [Vivado_Tcl 4-199] Please refer to the DRC report (report_drc) for more information.
INFO: [Place 30-611] Multithreading enabled for place_design using a maximum of 2 CPUs

Starting Placer Task

Phase 1 Placer Initialization

Phase 1.1 Placer Initialization Netlist Sorting
Netlist sorting complete. Time (s): cpu = 00:00:00 ; elapsed = 00:00:00.001 . Memory (MB): peak = 1922.402 ; gain = 0.000
Phase 1.1 Placer Initialization Netlist Sorting | Checksum: 210ff1730

Time (s): cpu = 00:00:00 ; elapsed = 00:00:00.013 . Memory (MB): peak = 1922.402 ; gain = 0.000
Netlist sorting complete. Time (s): cpu = 00:00:00 ; elapsed = 00:00:00.002 . Memory (MB): peak = 1922.402 ; gain = 0.000

Phase 1.2 IO Placement/ Clock Placement/ Build Placer Device
Phase 1.2 IO Placement/ Clock Placement/ Build Placer Device | Checksum: 17e13ff7b

Time (s): cpu = 00:00:01 ; elapsed = 00:00:00.442 . Memory (MB): peak = 1922.402 ; gain = 0.000

Phase 1.3 Build Placer Netlist Model
Phase 1.3 Build Placer Netlist Model | Checksum: 19fde1355

Time (s): cpu = 00:00:03 ; elapsed = 00:00:02 . Memory (MB): peak = 1922.402 ; gain = 0.000

Phase 1.4 Constrain Clocks/Macros
Phase 1.4 Constrain Clocks/Macros | Checksum: 19fde1355

Time (s): cpu = 00:00:03 ; elapsed = 00:00:02 . Memory (MB): peak = 1922.402 ; gain = 0.000
Phase 1 Placer Initialization | Checksum: 19fde1355

Time (s): cpu = 00:00:03 ; elapsed = 00:00:02 . Memory (MB): peak = 1922.402 ; gain = 0.000

Phase 2 Global Placement

Phase 2.1 Floorplanning
Phase 2.1 Floorplanning | Checksum: 1c3f4771b

Time (s): cpu = 00:00:05 ; elapsed = 00:00:03 . Memory (MB): peak = 1922.402 ; gain = 0.000

Phase 2.2 Update Timing before SLR Path Opt
Phase 2.2 Update Timing before SLR Path Opt | Checksum: 1dcffaa6a

Time (s): cpu = 00:00:06 ; elapsed = 00:00:03 . Memory (MB): peak = 1922.402 ; gain = 0.000

Phase 2.3 Post-Processing in Floorplanning
Phase 2.3 Post-Processing in Floorplanning | Checksum: 1dcffaa6a

Time (s): cpu = 00:00:06 ; elapsed = 00:00:03 . Memory (MB): peak = 1922.402 ; gain = 0.000

Phase 2.4 Global Place Phase1
Phase 2.4 Global Place Phase1 | Checksum: 212659c7a

Time (s): cpu = 00:00:14 ; elapsed = 00:00:08 . Memory (MB): peak = 1922.402 ; gain = 0.000

Phase 2.5 Global Place Phase2

Phase 2.5.1 UpdateTiming Before Physical Synthesis
Phase 2.5.1 UpdateTiming Before Physical Synthesis | Checksum: 18a5a8411

Time (s): cpu = 00:00:15 ; elapsed = 00:00:09 . Memory (MB): peak = 1922.402 ; gain = 0.000

Phase 2.5.2 Physical Synthesis In Placer
INFO: [Physopt 32-1035] Found 0 LUTNM shape to break, 136 LUT instances to create LUTNM shape
INFO: [Physopt 32-1044] Break lutnm for timing: one critical 0, two critical 0, total 0, new lutff created 0
INFO: [Physopt 32-1138] End 1 Pass. Optimized 55 nets or LUTs. Breaked 0 LUT, combined 55 existing LUTs and moved 0 existing LUT
INFO: [Physopt 32-65] No nets found for high-fanout optimization.
INFO: [Physopt 32-232] Optimized 0 net. Created 0 new instance.
INFO: [Physopt 32-775] End 1 Pass. Optimized 0 net or cell. Created 0 new cell, deleted 0 existing cell and moved 0 existing cell
INFO: [Physopt 32-456] No candidate cells for DSP register optimization found in the design.
INFO: [Physopt 32-775] End 2 Pass. Optimized 0 net or cell. Created 0 new cell, deleted 0 existing cell and moved 0 existing cell
INFO: [Physopt 32-1123] No candidate cells found for Shift Register to Pipeline optimization
INFO: [Physopt 32-775] End 2 Pass. Optimized 0 net or cell. Created 0 new cell, deleted 0 existing cell and moved 0 existing cell
INFO: [Physopt 32-1401] No candidate cells found for Shift Register optimization.
INFO: [Physopt 32-677] No candidate cells for Shift Register optimization found in the design
INFO: [Physopt 32-775] End 1 Pass. Optimized 0 net or cell. Created 0 new cell, deleted 0 existing cell and moved 0 existing cell
INFO: [Physopt 32-526] No candidate cells for BRAM register optimization found in the design
INFO: [Physopt 32-775] End 1 Pass. Optimized 0 net or cell. Created 0 new cell, deleted 0 existing cell and moved 0 existing cell
INFO: [Physopt 32-846] No candidate cells for URAM register optimization found in the design
INFO: [Physopt 32-775] End 1 Pass. Optimized 0 net or cell. Created 0 new cell, deleted 0 existing cell and moved 0 existing cell
INFO: [Physopt 32-846] No candidate cells for URAM register optimization found in the design
INFO: [Physopt 32-775] End 1 Pass. Optimized 0 net or cell. Created 0 new cell, deleted 0 existing cell and moved 0 existing cell
INFO: [Physopt 32-949] No candidate nets found for dynamic/static region interface net replication
INFO: [Physopt 32-775] End 1 Pass. Optimized 0 net or cell. Created 0 new cell, deleted 0 existing cell and moved 0 existing cell
Netlist sorting complete. Time (s): cpu = 00:00:00 ; elapsed = 00:00:00.001 . Memory (MB): peak = 1922.402 ; gain = 0.000

Summary of Physical Synthesis Optimizations
============================================


-----------------------------------------------------------------------------------------------------------------------------------------------------------
|  Optimization                                     |  Added Cells  |  Removed Cells  |  Optimized Cells/Nets  |  Dont Touch  |  Iterations  |  Elapsed   |
-----------------------------------------------------------------------------------------------------------------------------------------------------------
|  LUT Combining                                    |            0  |             55  |                    55  |           0  |           1  |  00:00:00  |
|  Retime                                           |            0  |              0  |                     0  |           0  |           1  |  00:00:00  |
|  Very High Fanout                                 |            0  |              0  |                     0  |           0  |           1  |  00:00:00  |
|  DSP Register                                     |            0  |              0  |                     0  |           0  |           1  |  00:00:00  |
|  Shift Register to Pipeline                       |            0  |              0  |                     0  |           0  |           1  |  00:00:00  |
|  Shift Register                                   |            0  |              0  |                     0  |           0  |           1  |  00:00:00  |
|  BRAM Register                                    |            0  |              0  |                     0  |           0  |           1  |  00:00:00  |
|  URAM Register                                    |            0  |              0  |                     0  |           0  |           1  |  00:00:00  |
|  Dynamic/Static Region Interface Net Replication  |            0  |              0  |                     0  |           0  |           1  |  00:00:00  |
|  Total                                            |            0  |             55  |                    55  |           0  |           9  |  00:00:00  |
-----------------------------------------------------------------------------------------------------------------------------------------------------------


Phase 2.5.2 Physical Synthesis In Placer | Checksum: 2c8231a7a

Time (s): cpu = 00:00:17 ; elapsed = 00:00:10 . Memory (MB): peak = 1922.402 ; gain = 0.000
Phase 2.5 Global Place Phase2 | Checksum: 2c9213f62

Time (s): cpu = 00:00:17 ; elapsed = 00:00:10 . Memory (MB): peak = 1922.402 ; gain = 0.000
Phase 2 Global Placement | Checksum: 2c9213f62

Time (s): cpu = 00:00:17 ; elapsed = 00:00:10 . Memory (MB): peak = 1922.402 ; gain = 0.000

Phase 3 Detail Placement

Phase 3.1 Commit Multi Column Macros
Phase 3.1 Commit Multi Column Macros | Checksum: 2e9fbb963

Time (s): cpu = 00:00:18 ; elapsed = 00:00:10 . Memory (MB): peak = 1922.402 ; gain = 0.000

Phase 3.2 Commit Most Macros & LUTRAMs
Phase 3.2 Commit Most Macros & LUTRAMs | Checksum: 251c5f55a

Time (s): cpu = 00:00:19 ; elapsed = 00:00:11 . Memory (MB): peak = 1922.402 ; gain = 0.000

Phase 3.3 Area Swap Optimization
Phase 3.3 Area Swap Optimization | Checksum: 29d0df35b

Time (s): cpu = 00:00:19 ; elapsed = 00:00:11 . Memory (MB): peak = 1922.402 ; gain = 0.000

Phase 3.4 Pipeline Register Optimization
Phase 3.4 Pipeline Register Optimization | Checksum: 29fa49236

Time (s): cpu = 00:00:19 ; elapsed = 00:00:11 . Memory (MB): peak = 1922.402 ; gain = 0.000

Phase 3.5 Fast Optimization
Phase 3.5 Fast Optimization | Checksum: 28e7b3186

Time (s): cpu = 00:00:22 ; elapsed = 00:00:13 . Memory (MB): peak = 1922.402 ; gain = 0.000

Phase 3.6 Small Shape Detail Placement
Phase 3.6 Small Shape Detail Placement | Checksum: 271f9d4bc

Time (s): cpu = 00:00:23 ; elapsed = 00:00:15 . Memory (MB): peak = 1922.402 ; gain = 0.000

Phase 3.7 Re-assign LUT pins
Phase 3.7 Re-assign LUT pins | Checksum: 24392e1c4

Time (s): cpu = 00:00:24 ; elapsed = 00:00:15 . Memory (MB): peak = 1922.402 ; gain = 0.000

Phase 3.8 Pipeline Register Optimization
Phase 3.8 Pipeline Register Optimization | Checksum: 2b5d1856e

Time (s): cpu = 00:00:24 ; elapsed = 00:00:15 . Memory (MB): peak = 1922.402 ; gain = 0.000

Phase 3.9 Fast Optimization
Phase 3.9 Fast Optimization | Checksum: 2e7a25967

Time (s): cpu = 00:00:41 ; elapsed = 00:00:32 . Memory (MB): peak = 1922.402 ; gain = 0.000
Phase 3 Detail Placement | Checksum: 2e7a25967

Time (s): cpu = 00:00:41 ; elapsed = 00:00:32 . Memory (MB): peak = 1922.402 ; gain = 0.000

Phase 4 Post Placement Optimization and Clean-Up

Phase 4.1 Post Commit Optimization
INFO: [Timing 38-35] Done setting XDC timing constraints.

Phase 4.1.1 Post Placement Optimization
Post Placement Optimization Initialization | Checksum: 1a07a5a78

Phase 4.1.1.1 BUFG Insertion

Starting Physical Synthesis Task

Phase 1 Physical Synthesis Initialization
INFO: [Physopt 32-721] Multithreading enabled for phys_opt_design using a maximum of 2 CPUs
INFO: [Physopt 32-619] Estimated Timing Summary | WNS=-11.846 | TNS=-495.312 |
Phase 1 Physical Synthesis Initialization | Checksum: 16e1f393f

Time (s): cpu = 00:00:01 ; elapsed = 00:00:00.276 . Memory (MB): peak = 1922.402 ; gain = 0.000
INFO: [Place 46-56] BUFG insertion identified 0 candidate nets. Inserted BUFG: 0, Replicated BUFG Driver: 0, Skipped due to Placement/Routing Conflicts: 0, Skipped due to Timing Degradation: 0, Skipped due to netlist editing failed: 0.
Ending Physical Synthesis Task | Checksum: 25f10caec

Time (s): cpu = 00:00:01 ; elapsed = 00:00:00.330 . Memory (MB): peak = 1922.402 ; gain = 0.000
Phase 4.1.1.1 BUFG Insertion | Checksum: 1a07a5a78

Time (s): cpu = 00:00:48 ; elapsed = 00:00:37 . Memory (MB): peak = 1922.402 ; gain = 0.000

Phase 4.1.1.2 Post Placement Timing Optimization
INFO: [Place 30-746] Post Placement Timing Summary WNS=-11.093. For the most accurate timing information please run report_timing.
Phase 4.1.1.2 Post Placement Timing Optimization | Checksum: 119834fa1

Time (s): cpu = 00:02:34 ; elapsed = 00:02:26 . Memory (MB): peak = 1922.402 ; gain = 0.000

Time (s): cpu = 00:02:34 ; elapsed = 00:02:26 . Memory (MB): peak = 1922.402 ; gain = 0.000
Phase 4.1 Post Commit Optimization | Checksum: 119834fa1

Time (s): cpu = 00:02:34 ; elapsed = 00:02:26 . Memory (MB): peak = 1922.402 ; gain = 0.000

Phase 4.2 Post Placement Cleanup
Phase 4.2 Post Placement Cleanup | Checksum: 119834fa1

Time (s): cpu = 00:02:34 ; elapsed = 00:02:26 . Memory (MB): peak = 1922.402 ; gain = 0.000

Phase 4.3 Placer Reporting

Phase 4.3.1 Print Estimated Congestion
INFO: [Place 30-612] Post-Placement Estimated Congestion 
 ____________________________________________________
|           | Global Congestion | Short Congestion  |
| Direction | Region Size       | Region Size       |
|___________|___________________|___________________|
|      North|                1x1|                1x1|
|___________|___________________|___________________|
|      South|                1x1|                1x1|
|___________|___________________|___________________|
|       East|                1x1|                1x1|
|___________|___________________|___________________|
|       West|                1x1|                1x1|
|___________|___________________|___________________|

Phase 4.3.1 Print Estimated Congestion | Checksum: 119834fa1

Time (s): cpu = 00:02:34 ; elapsed = 00:02:26 . Memory (MB): peak = 1922.402 ; gain = 0.000
Phase 4.3 Placer Reporting | Checksum: 119834fa1

Time (s): cpu = 00:02:34 ; elapsed = 00:02:27 . Memory (MB): peak = 1922.402 ; gain = 0.000

Phase 4.4 Final Placement Cleanup
Netlist sorting complete. Time (s): cpu = 00:00:00 ; elapsed = 00:00:00.007 . Memory (MB): peak = 1922.402 ; gain = 0.000

Time (s): cpu = 00:02:34 ; elapsed = 00:02:27 . Memory (MB): peak = 1922.402 ; gain = 0.000
Phase 4 Post Placement Optimization and Clean-Up | Checksum: 1ab0ab43d

Time (s): cpu = 00:02:34 ; elapsed = 00:02:27 . Memory (MB): peak = 1922.402 ; gain = 0.000
Ending Placer Task | Checksum: 19a6e002c

Time (s): cpu = 00:02:34 ; elapsed = 00:02:27 . Memory (MB): peak = 1922.402 ; gain = 0.000
79 Infos, 0 Warnings, 0 Critical Warnings and 0 Errors encountered.
place_design completed successfully
place_design: Time (s): cpu = 00:02:36 ; elapsed = 00:02:28 . Memory (MB): peak = 1922.402 ; gain = 0.000
INFO: [Vivado 12-24838] Running report commands "report_control_sets, report_io, report_utilization" in parallel.
Running report generation with 2 threads.
INFO: [Vivado 12-24828] Executing command : report_utilization -file main_motor_top_pwm_utilization_placed.rpt -pb main_motor_top_pwm_utilization_placed.pb
INFO: [Vivado 12-24828] Executing command : report_control_sets -verbose -file main_motor_top_pwm_control_sets_placed.rpt
report_control_sets: Time (s): cpu = 00:00:00 ; elapsed = 00:00:00.035 . Memory (MB): peak = 1922.402 ; gain = 0.000
INFO: [Vivado 12-24828] Executing command : report_io -file main_motor_top_pwm_io_placed.rpt
report_io: Time (s): cpu = 00:00:01 ; elapsed = 00:00:00.553 . Memory (MB): peak = 1922.402 ; gain = 0.000
INFO: [Timing 38-480] Writing timing data to binary archive.
Wrote PlaceDB: Time (s): cpu = 00:00:00 ; elapsed = 00:00:00 . Memory (MB): peak = 1922.402 ; gain = 0.000
Wrote PulsedLatchDB: Time (s): cpu = 00:00:00 ; elapsed = 00:00:00 . Memory (MB): peak = 1922.402 ; gain = 0.000
Writing XDEF routing.
Write ShapeDB Complete: Time (s): cpu = 00:00:01 ; elapsed = 00:00:00.059 . Memory (MB): peak = 1922.402 ; gain = 0.000
Writing XDEF routing logical nets.
Writing XDEF routing special nets.
Wrote RouteStorage: Time (s): cpu = 00:00:01 ; elapsed = 00:00:00.068 . Memory (MB): peak = 1922.402 ; gain = 0.000
Wrote PlaceStorage: Time (s): cpu = 00:00:02 ; elapsed = 00:00:01 . Memory (MB): peak = 1922.402 ; gain = 0.000
Wrote Netlist Cache: Time (s): cpu = 00:00:00 ; elapsed = 00:00:00.026 . Memory (MB): peak = 1922.402 ; gain = 0.000
Wrote Device Cache: Time (s): cpu = 00:00:00 ; elapsed = 00:00:00.025 . Memory (MB): peak = 1922.402 ; gain = 0.000
Write Physdb Complete: Time (s): cpu = 00:00:03 ; elapsed = 00:00:01 . Memory (MB): peak = 1922.402 ; gain = 0.000
INFO: [Common 17-1381] The checkpoint 'C:/Users/robin/Documents/GitHub/FPGA-GearBox---Group-Bertolini-Liberato/Gabriel_Files/Gearbox_Project.runs/impl_1/main_motor_top_pwm_placed.dcp' has been generated.
Command: phys_opt_design
Attempting to get a license for feature 'Implementation' and/or device 'xc7a35t'
INFO: [Common 17-349] Got license for feature 'Implementation' and/or device 'xc7a35t'

Starting Initial Update Timing Task

Time (s): cpu = 00:00:06 ; elapsed = 00:00:03 . Memory (MB): peak = 1922.402 ; gain = 0.000
INFO: [Vivado_Tcl 4-1435] PhysOpt_Tcl_Interface Runtime Before Starting Physical Synthesis Task | CPU: 6.00s |  WALL: 3.15s
Netlist sorting complete. Time (s): cpu = 00:00:00 ; elapsed = 00:00:00.007 . Memory (MB): peak = 1922.402 ; gain = 0.000

Starting Physical Synthesis Task

Phase 1 Physical Synthesis Initialization
INFO: [Physopt 32-721] Multithreading enabled for phys_opt_design using a maximum of 2 CPUs
INFO: [Physopt 32-619] Estimated Timing Summary | WNS=-11.093 | TNS=-457.118 |
Phase 1 Physical Synthesis Initialization | Checksum: 162310515

Time (s): cpu = 00:00:01 ; elapsed = 00:00:02 . Memory (MB): peak = 1922.402 ; gain = 0.000
INFO: [Physopt 32-619] Estimated Timing Summary | WNS=-11.093 | TNS=-457.118 |

Phase 2 DSP Register Optimization
INFO: [Physopt 32-456] No candidate cells for DSP register optimization found in the design.
INFO: [Physopt 32-775] End 2 Pass. Optimized 0 net or cell. Created 0 new cell, deleted 0 existing cell and moved 0 existing cell
Phase 2 DSP Register Optimization | Checksum: 162310515

Time (s): cpu = 00:00:02 ; elapsed = 00:00:02 . Memory (MB): peak = 1922.402 ; gain = 0.000

Phase 3 Critical Path Optimization
INFO: [Physopt 32-619] Estimated Timing Summary | WNS=-11.093 | TNS=-457.118 |
INFO: [Physopt 32-663] Processed net SENSOR2/rpm[4].  Re-placed instance SENSOR2/rpm_reg_reg[4]
INFO: [Physopt 32-735] Processed net SENSOR2/rpm[4]. Optimization improves timing on the net.
INFO: [Physopt 32-619] Estimated Timing Summary | WNS=-11.093 | TNS=-457.631 |
INFO: [Physopt 32-663] Processed net SENSOR2/rpm[5].  Re-placed instance SENSOR2/rpm_reg_reg[5]
INFO: [Physopt 32-735] Processed net SENSOR2/rpm[5]. Optimization improves timing on the net.
INFO: [Physopt 32-619] Estimated Timing Summary | WNS=-11.035 | TNS=-458.005 |
INFO: [Physopt 32-702] Processed net SENSOR2/rpm[11]. Optimizations did not improve timing on the net.
INFO: [Physopt 32-702] Processed net SENSOR2/rpm_reg2_n_103. Optimizations did not improve timing on the net.
INFO: [Physopt 32-710] Processed net SENSOR2/rpm_reg[15]_i_1__0_n_0. Critical path length was reduced through logic transformation on cell SENSOR2/rpm_reg[15]_i_1__0_comp.
INFO: [Physopt 32-735] Processed net SENSOR2/rpm_reg[15]_i_4_n_0. Optimization improves timing on the net.
INFO: [Physopt 32-619] Estimated Timing Summary | WNS=-10.692 | TNS=-455.325 |
INFO: [Physopt 32-702] Processed net SENSOR2/rpm_calc1. Optimizations did not improve timing on the net.
INFO: [Physopt 32-702] Processed net SENSOR2/rpm_reg_reg[15]_i_38_n_0. Optimizations did not improve timing on the net.
INFO: [Physopt 32-702] Processed net SENSOR2/rpm_reg[15]_i_81_n_0. Optimizations did not improve timing on the net.
INFO: [Physopt 32-702] Processed net SENSOR2/rpm_reg[15]_i_83__0_n_0. Optimizations did not improve timing on the net.
INFO: [Physopt 32-702] Processed net SENSOR2/rpm_reg_reg[15]_i_8__0_n_2. Optimizations did not improve timing on the net.
INFO: [Physopt 32-702] Processed net SENSOR2/rpm_reg_reg[15]_i_16_n_0. Optimizations did not improve timing on the net.
INFO: [Physopt 32-608] Optimized 1 net.  Swapped 26 pins.
INFO: [Physopt 32-735] Processed net SENSOR2/rpm_reg[15]_i_54_n_0. Optimization improves timing on the net.
INFO: [Physopt 32-619] Estimated Timing Summary | WNS=-10.683 | TNS=-455.109 |
INFO: [Physopt 32-608] Optimized 1 net.  Swapped 14 pins.
INFO: [Physopt 32-735] Processed net SENSOR2/rpm_reg[15]_i_19_n_0. Optimization improves timing on the net.
INFO: [Physopt 32-619] Estimated Timing Summary | WNS=-10.547 | TNS=-451.845 |
INFO: [Physopt 32-702] Processed net SENSOR2/rpm_reg_reg[15]_i_47__0_n_0. Optimizations did not improve timing on the net.
INFO: [Physopt 32-608] Optimized 1 net.  Swapped 26 pins.
INFO: [Physopt 32-735] Processed net SENSOR2/rpm_reg[15]_i_91_n_0. Optimization improves timing on the net.
INFO: [Physopt 32-619] Estimated Timing Summary | WNS=-10.503 | TNS=-450.789 |
INFO: [Physopt 32-702] Processed net SENSOR2/rpm_reg[15]_i_19_n_0. Optimizations did not improve timing on the net.
INFO: [Physopt 32-702] Processed net SENSOR2/rpm_reg_reg[15]_i_10__0_n_5. Optimizations did not improve timing on the net.
INFO: [Physopt 32-702] Processed net SENSOR2/rpm_reg_reg[15]_i_24__0_n_0. Optimizations did not improve timing on the net.
INFO: [Physopt 32-608] Optimized 1 net.  Swapped 26 pins.
INFO: [Physopt 32-735] Processed net SENSOR2/rpm_reg[15]_i_69__0_n_0. Optimization improves timing on the net.
INFO: [Physopt 32-619] Estimated Timing Summary | WNS=-10.473 | TNS=-450.069 |
INFO: [Physopt 32-702] Processed net SENSOR2/rpm_reg[15]_i_54_n_0. Optimizations did not improve timing on the net.
INFO: [Physopt 32-702] Processed net SENSOR2/rpm_reg_reg[15]_i_24__0_n_5. Optimizations did not improve timing on the net.
INFO: [Physopt 32-702] Processed net SENSOR2/rpm_reg_reg[15]_i_61_n_0. Optimizations did not improve timing on the net.
INFO: [Physopt 32-663] Processed net SENSOR2/rpm_reg[15]_i_100_n_0.  Re-placed instance SENSOR2/rpm_reg[15]_i_100
INFO: [Physopt 32-735] Processed net SENSOR2/rpm_reg[15]_i_100_n_0. Optimization improves timing on the net.
INFO: [Physopt 32-619] Estimated Timing Summary | WNS=-10.455 | TNS=-449.637 |
INFO: [Physopt 32-608] Optimized 1 net.  Swapped 26 pins.
INFO: [Physopt 32-735] Processed net SENSOR2/rpm_reg[15]_i_105__0_n_0. Optimization improves timing on the net.
INFO: [Physopt 32-619] Estimated Timing Summary | WNS=-10.441 | TNS=-449.301 |
INFO: [Physopt 32-702] Processed net SENSOR2/rpm_reg[15]_i_68__0_n_0. Optimizations did not improve timing on the net.
INFO: [Physopt 32-702] Processed net SENSOR2/rpm_reg_reg[13]_i_2_n_5. Optimizations did not improve timing on the net.
INFO: [Physopt 32-702] Processed net SENSOR2/rpm_reg_reg[9]_i_2__0_n_0. Optimizations did not improve timing on the net.
INFO: [Physopt 32-702] Processed net SENSOR2/rpm_reg[9]_i_9__0_n_0. Optimizations did not improve timing on the net.
INFO: [Physopt 32-710] Processed net SENSOR2/rpm_reg[9]_i_9__0_n_0. Critical path length was reduced through logic transformation on cell SENSOR2/rpm_reg[9]_i_9__0_comp.
INFO: [Physopt 32-735] Processed net SENSOR2/rpm_reg[9]_i_5__0_n_0. Optimization improves timing on the net.
INFO: [Physopt 32-619] Estimated Timing Summary | WNS=-10.392 | TNS=-448.125 |
INFO: [Physopt 32-702] Processed net SENSOR2/rpm_reg[9]_i_5__0_n_0. Optimizations did not improve timing on the net.
INFO: [Physopt 32-710] Processed net SENSOR2/rpm_reg[9]_i_5__0_n_0. Critical path length was reduced through logic transformation on cell SENSOR2/rpm_reg[9]_i_5__0_comp_2.
INFO: [Physopt 32-735] Processed net SENSOR2/rpm_reg[9]_i_15_n_0. Optimization improves timing on the net.
INFO: [Physopt 32-619] Estimated Timing Summary | WNS=-10.376 | TNS=-445.149 |
INFO: [Physopt 32-663] Processed net SENSOR1/rpm[12].  Re-placed instance SENSOR1/rpm_reg_reg[12]
INFO: [Physopt 32-735] Processed net SENSOR1/rpm[12]. Optimization improves timing on the net.
INFO: [Physopt 32-619] Estimated Timing Summary | WNS=-10.376 | TNS=-445.458 |
INFO: [Physopt 32-663] Processed net SENSOR1/rpm[4].  Re-placed instance SENSOR1/rpm_reg_reg[4]
INFO: [Physopt 32-735] Processed net SENSOR1/rpm[4]. Optimization improves timing on the net.
INFO: [Physopt 32-619] Estimated Timing Summary | WNS=-10.282 | TNS=-445.811 |
INFO: [Physopt 32-663] Processed net SENSOR1/rpm[14].  Re-placed instance SENSOR1/rpm_reg_reg[14]
INFO: [Physopt 32-735] Processed net SENSOR1/rpm[14]. Optimization improves timing on the net.
INFO: [Physopt 32-619] Estimated Timing Summary | WNS=-10.282 | TNS=-446.311 |
INFO: [Physopt 32-702] Processed net SENSOR1/rpm[15]. Optimizations did not improve timing on the net.
INFO: [Physopt 32-702] Processed net SENSOR1/rpm_reg2_n_103. Optimizations did not improve timing on the net.
INFO: [Physopt 32-710] Processed net SENSOR1/rpm_reg[15]_i_1_n_0. Critical path length was reduced through logic transformation on cell SENSOR1/rpm_reg[15]_i_1_comp.
INFO: [Physopt 32-735] Processed net SENSOR1/rpm_reg[15]_i_4__0_n_0. Optimization improves timing on the net.
INFO: [Physopt 32-619] Estimated Timing Summary | WNS=-10.268 | TNS=-443.831 |
INFO: [Physopt 32-702] Processed net SENSOR2/rpm_reg[9]_i_10__0_n_0. Optimizations did not improve timing on the net.
INFO: [Physopt 32-710] Processed net SENSOR2/rpm_reg[9]_i_10__0_n_0. Critical path length was reduced through logic transformation on cell SENSOR2/rpm_reg[9]_i_10__0_comp.
INFO: [Physopt 32-735] Processed net SENSOR2/rpm_reg[9]_i_6__0_n_0. Optimization improves timing on the net.
INFO: [Physopt 32-619] Estimated Timing Summary | WNS=-10.260 | TNS=-443.639 |
INFO: [Physopt 32-608] Optimized 1 net.  Swapped 12 pins.
INFO: [Physopt 32-735] Processed net SENSOR2/rpm_reg[15]_i_101_n_0. Optimization improves timing on the net.
INFO: [Physopt 32-619] Estimated Timing Summary | WNS=-10.247 | TNS=-443.327 |
INFO: [Physopt 32-702] Processed net SENSOR2/rpm_reg[15]_i_101_n_0. Optimizations did not improve timing on the net.
INFO: [Physopt 32-702] Processed net SENSOR2/rpm_reg_reg[9]_i_2__0_n_4. Optimizations did not improve timing on the net.
INFO: [Physopt 32-702] Processed net SENSOR2/rpm_reg_reg[5]_i_2__0_n_0. Optimizations did not improve timing on the net.
INFO: [Physopt 32-702] Processed net SENSOR2/rpm_reg[5]_i_7__0_n_0. Optimizations did not improve timing on the net.
INFO: [Physopt 32-710] Processed net SENSOR2/rpm_reg[5]_i_7__0_n_0. Critical path length was reduced through logic transformation on cell SENSOR2/rpm_reg[5]_i_7__0_comp.
INFO: [Physopt 32-735] Processed net SENSOR2/rpm_reg[5]_i_3__0_n_0. Optimization improves timing on the net.
INFO: [Physopt 32-619] Estimated Timing Summary | WNS=-10.228 | TNS=-442.871 |
INFO: [Physopt 32-702] Processed net SENSOR2/rpm_reg[9]_i_8__0_n_0. Optimizations did not improve timing on the net.
INFO: [Physopt 32-710] Processed net SENSOR2/rpm_reg[9]_i_8__0_n_0. Critical path length was reduced through logic transformation on cell SENSOR2/rpm_reg[9]_i_8__0_comp.
INFO: [Physopt 32-735] Processed net SENSOR2/rpm_reg[9]_i_4__0_n_0. Optimization improves timing on the net.
INFO: [Physopt 32-619] Estimated Timing Summary | WNS=-10.224 | TNS=-442.775 |
INFO: [Physopt 32-663] Processed net SENSOR2/rpm_reg[9]_i_4__0_n_0_repN_1.  Re-placed instance SENSOR2/rpm_reg[9]_i_4__0_comp_1
INFO: [Physopt 32-735] Processed net SENSOR2/rpm_reg[9]_i_4__0_n_0_repN_1. Optimization improves timing on the net.
INFO: [Physopt 32-619] Estimated Timing Summary | WNS=-10.205 | TNS=-442.319 |
INFO: [Physopt 32-702] Processed net SENSOR2/rpm_reg[9]_i_6__0_n_0. Optimizations did not improve timing on the net.
INFO: [Physopt 32-710] Processed net SENSOR2/rpm_reg[9]_i_6__0_n_0. Critical path length was reduced through logic transformation on cell SENSOR2/rpm_reg[9]_i_6__0_comp_2.
INFO: [Physopt 32-735] Processed net SENSOR2/rpm_reg[9]_i_17_n_0. Optimization improves timing on the net.
INFO: [Physopt 32-619] Estimated Timing Summary | WNS=-10.201 | TNS=-442.223 |
INFO: [Physopt 32-702] Processed net SENSOR2/rpm_reg[9]_i_6__0_n_0_repN_1. Optimizations did not improve timing on the net.
INFO: [Physopt 32-702] Processed net SENSOR2/rpm_reg_reg[9]_i_12_n_5. Optimizations did not improve timing on the net.
INFO: [Physopt 32-608] Optimized 1 net.  Swapped 22 pins.
INFO: [Physopt 32-735] Processed net SENSOR2/rpm_reg[9]_i_26__0_n_0. Optimization improves timing on the net.
INFO: [Physopt 32-619] Estimated Timing Summary | WNS=-10.153 | TNS=-441.071 |
INFO: [Physopt 32-702] Processed net SENSOR2/rpm_reg[5]_i_3__0_n_0. Optimizations did not improve timing on the net.
INFO: [Physopt 32-134] Processed net SENSOR2/rpm_reg[5]_i_11__0_n_0. Rewiring did not optimize the net.
INFO: [Physopt 32-702] Processed net SENSOR2/rpm_reg[5]_i_11__0_n_0. Optimizations did not improve timing on the net.
INFO: [Physopt 32-702] Processed net SENSOR2/rpm_reg_reg[9]_i_12_n_6. Optimizations did not improve timing on the net.
INFO: [Physopt 32-702] Processed net SENSOR2/rpm_reg_reg[5]_i_12_n_0. Optimizations did not improve timing on the net.
INFO: [Physopt 32-608] Optimized 1 net.  Swapped 26 pins.
INFO: [Physopt 32-735] Processed net SENSOR2/rpm_reg[5]_i_23_n_0. Optimization improves timing on the net.
INFO: [Physopt 32-619] Estimated Timing Summary | WNS=-10.142 | TNS=-440.807 |
INFO: [Physopt 32-702] Processed net SENSOR2/rpm_reg[5]_i_19__0_n_0. Optimizations did not improve timing on the net.
INFO: [Physopt 32-702] Processed net SENSOR2/rpm_reg_reg[15]_i_9__0_n_5. Optimizations did not improve timing on the net.
INFO: [Physopt 32-702] Processed net SENSOR2/rpm_reg_reg[15]_i_21_n_6. Optimizations did not improve timing on the net.
INFO: [Physopt 32-702] Processed net SENSOR2/rpm_reg_reg[15]_i_56_n_0. Optimizations did not improve timing on the net.
INFO: [Physopt 32-702] Processed net SENSOR2/rpm_reg_reg[13]_i_13__0_n_0. Optimizations did not improve timing on the net.
INFO: [Physopt 32-702] Processed net SENSOR2/rpm_reg_reg[9]_i_18__0_n_0. Optimizations did not improve timing on the net.
INFO: [Physopt 32-702] Processed net SENSOR2/rpm_reg_reg[5]_i_18__0_n_0. Optimizations did not improve timing on the net.
INFO: [Physopt 32-702] Processed net SENSOR2/rpm_reg_reg[1]_i_28__0_n_0. Optimizations did not improve timing on the net.
INFO: [Physopt 32-608] Optimized 1 net.  Swapped 9 pins.
INFO: [Physopt 32-735] Processed net SENSOR2/rpm_reg[1]_i_66_n_0. Optimization improves timing on the net.
INFO: [Physopt 32-619] Estimated Timing Summary | WNS=-10.135 | TNS=-440.639 |
INFO: [Physopt 32-702] Processed net SENSOR2/rpm_reg2_n_105. Optimizations did not improve timing on the net.
INFO: [Physopt 32-702] Processed net SENSOR2/rpm_reg[1]_i_66_n_0. Optimizations did not improve timing on the net.
INFO: [Physopt 32-702] Processed net SENSOR2/rpm_reg[15]_i_1__0_n_0. Optimizations did not improve timing on the net.
INFO: [Physopt 32-702] Processed net clk_IBUF. Optimizations did not improve timing on the net.
INFO: [Physopt 32-702] Processed net clk. Optimizations did not improve timing on the net.
INFO: [Physopt 32-702] Processed net SENSOR2/rpm[11]. Optimizations did not improve timing on the net.
INFO: [Physopt 32-702] Processed net SENSOR2/rpm_reg2_n_105. Optimizations did not improve timing on the net.
INFO: [Physopt 32-702] Processed net SENSOR2/rpm_calc1. Optimizations did not improve timing on the net.
INFO: [Physopt 32-702] Processed net SENSOR2/rpm_reg[15]_i_81_n_0. Optimizations did not improve timing on the net.
INFO: [Physopt 32-702] Processed net SENSOR2/rpm_reg[15]_i_83__0_n_0. Optimizations did not improve timing on the net.
INFO: [Physopt 32-702] Processed net SENSOR2/rpm_reg_reg[15]_i_8__0_n_2. Optimizations did not improve timing on the net.
INFO: [Physopt 32-702] Processed net SENSOR2/rpm_reg[15]_i_54_n_0. Optimizations did not improve timing on the net.
INFO: [Physopt 32-702] Processed net SENSOR2/rpm_reg_reg[15]_i_24__0_n_5. Optimizations did not improve timing on the net.
INFO: [Physopt 32-702] Processed net SENSOR2/rpm_reg[15]_i_101_n_0. Optimizations did not improve timing on the net.
INFO: [Physopt 32-702] Processed net SENSOR2/rpm_reg_reg[9]_i_2__0_n_4. Optimizations did not improve timing on the net.
INFO: [Physopt 32-702] Processed net SENSOR2/rpm_reg[5]_i_3__0_n_0. Optimizations did not improve timing on the net.
INFO: [Physopt 32-702] Processed net SENSOR2/rpm_reg[5]_i_11__0_n_0. Optimizations did not improve timing on the net.
INFO: [Physopt 32-702] Processed net SENSOR2/rpm_reg_reg[9]_i_12_n_6. Optimizations did not improve timing on the net.
INFO: [Physopt 32-702] Processed net SENSOR2/rpm_reg[5]_i_19__0_n_0. Optimizations did not improve timing on the net.
INFO: [Physopt 32-702] Processed net SENSOR2/rpm_reg_reg[15]_i_9__0_n_5. Optimizations did not improve timing on the net.
INFO: [Physopt 32-702] Processed net SENSOR2/rpm_reg_reg[15]_i_21_n_6. Optimizations did not improve timing on the net.
INFO: [Physopt 32-702] Processed net SENSOR2/rpm_reg[1]_i_66_n_0. Optimizations did not improve timing on the net.
INFO: [Physopt 32-702] Processed net SENSOR2/rpm_reg[15]_i_1__0_n_0. Optimizations did not improve timing on the net.
INFO: [Physopt 32-702] Processed net clk_IBUF. Optimizations did not improve timing on the net.
INFO: [Physopt 32-702] Processed net clk. Optimizations did not improve timing on the net.
INFO: [Physopt 32-619] Estimated Timing Summary | WNS=-10.135 | TNS=-440.639 |
Netlist sorting complete. Time (s): cpu = 00:00:00 ; elapsed = 00:00:00.014 . Memory (MB): peak = 1922.402 ; gain = 0.000
Phase 3 Critical Path Optimization | Checksum: 162310515

Time (s): cpu = 00:00:23 ; elapsed = 00:00:19 . Memory (MB): peak = 1922.402 ; gain = 0.000

Phase 4 Critical Path Optimization
INFO: [Physopt 32-619] Estimated Timing Summary | WNS=-10.135 | TNS=-440.639 |
INFO: [Physopt 32-702] Processed net SENSOR2/rpm[11]. Optimizations did not improve timing on the net.
INFO: [Physopt 32-702] Processed net SENSOR2/rpm_reg2_n_105. Optimizations did not improve timing on the net.
INFO: [Physopt 32-702] Processed net SENSOR2/rpm_calc1. Optimizations did not improve timing on the net.
INFO: [Physopt 32-702] Processed net SENSOR2/rpm_reg_reg[15]_i_38_n_0. Optimizations did not improve timing on the net.
INFO: [Physopt 32-702] Processed net SENSOR2/rpm_reg[15]_i_81_n_0. Optimizations did not improve timing on the net.
INFO: [Physopt 32-702] Processed net SENSOR2/rpm_reg[15]_i_83__0_n_0. Optimizations did not improve timing on the net.
INFO: [Physopt 32-702] Processed net SENSOR2/rpm_reg_reg[15]_i_8__0_n_2. Optimizations did not improve timing on the net.
INFO: [Physopt 32-702] Processed net SENSOR2/rpm_reg_reg[15]_i_16_n_0. Optimizations did not improve timing on the net.
INFO: [Physopt 32-702] Processed net SENSOR2/rpm_reg[15]_i_54_n_0. Optimizations did not improve timing on the net.
INFO: [Physopt 32-702] Processed net SENSOR2/rpm_reg_reg[15]_i_24__0_n_5. Optimizations did not improve timing on the net.
INFO: [Physopt 32-702] Processed net SENSOR2/rpm_reg_reg[15]_i_61_n_0. Optimizations did not improve timing on the net.
INFO: [Physopt 32-702] Processed net SENSOR2/rpm_reg[15]_i_101_n_0. Optimizations did not improve timing on the net.
INFO: [Physopt 32-702] Processed net SENSOR2/rpm_reg_reg[9]_i_2__0_n_4. Optimizations did not improve timing on the net.
INFO: [Physopt 32-702] Processed net SENSOR2/rpm_reg_reg[5]_i_2__0_n_0. Optimizations did not improve timing on the net.
INFO: [Physopt 32-702] Processed net SENSOR2/rpm_reg[5]_i_3__0_n_0. Optimizations did not improve timing on the net.
INFO: [Physopt 32-134] Processed net SENSOR2/rpm_reg[5]_i_11__0_n_0. Rewiring did not optimize the net.
INFO: [Physopt 32-702] Processed net SENSOR2/rpm_reg[5]_i_11__0_n_0. Optimizations did not improve timing on the net.
INFO: [Physopt 32-702] Processed net SENSOR2/rpm_reg_reg[9]_i_12_n_6. Optimizations did not improve timing on the net.
INFO: [Physopt 32-702] Processed net SENSOR2/rpm_reg_reg[5]_i_12_n_0. Optimizations did not improve timing on the net.
INFO: [Physopt 32-702] Processed net SENSOR2/rpm_reg[5]_i_19__0_n_0. Optimizations did not improve timing on the net.
INFO: [Physopt 32-702] Processed net SENSOR2/rpm_reg_reg[15]_i_9__0_n_5. Optimizations did not improve timing on the net.
INFO: [Physopt 32-702] Processed net SENSOR2/rpm_reg_reg[15]_i_21_n_6. Optimizations did not improve timing on the net.
INFO: [Physopt 32-702] Processed net SENSOR2/rpm_reg_reg[15]_i_56_n_0. Optimizations did not improve timing on the net.
INFO: [Physopt 32-702] Processed net SENSOR2/rpm_reg_reg[13]_i_13__0_n_0. Optimizations did not improve timing on the net.
INFO: [Physopt 32-702] Processed net SENSOR2/rpm_reg_reg[9]_i_18__0_n_0. Optimizations did not improve timing on the net.
INFO: [Physopt 32-702] Processed net SENSOR2/rpm_reg_reg[5]_i_18__0_n_0. Optimizations did not improve timing on the net.
INFO: [Physopt 32-702] Processed net SENSOR2/rpm_reg_reg[1]_i_28__0_n_0. Optimizations did not improve timing on the net.
INFO: [Physopt 32-702] Processed net SENSOR2/rpm_reg[1]_i_66_n_0. Optimizations did not improve timing on the net.
INFO: [Physopt 32-702] Processed net SENSOR2/rpm_reg[15]_i_1__0_n_0. Optimizations did not improve timing on the net.
INFO: [Physopt 32-702] Processed net clk_IBUF. Optimizations did not improve timing on the net.
INFO: [Physopt 32-702] Processed net clk. Optimizations did not improve timing on the net.
INFO: [Physopt 32-702] Processed net SENSOR2/rpm[11]. Optimizations did not improve timing on the net.
INFO: [Physopt 32-702] Processed net SENSOR2/rpm_reg2_n_105. Optimizations did not improve timing on the net.
INFO: [Physopt 32-702] Processed net SENSOR2/rpm_calc1. Optimizations did not improve timing on the net.
INFO: [Physopt 32-702] Processed net SENSOR2/rpm_reg[15]_i_81_n_0. Optimizations did not improve timing on the net.
INFO: [Physopt 32-702] Processed net SENSOR2/rpm_reg[15]_i_83__0_n_0. Optimizations did not improve timing on the net.
INFO: [Physopt 32-702] Processed net SENSOR2/rpm_reg_reg[15]_i_8__0_n_2. Optimizations did not improve timing on the net.
INFO: [Physopt 32-702] Processed net SENSOR2/rpm_reg[15]_i_54_n_0. Optimizations did not improve timing on the net.
INFO: [Physopt 32-702] Processed net SENSOR2/rpm_reg_reg[15]_i_24__0_n_5. Optimizations did not improve timing on the net.
INFO: [Physopt 32-702] Processed net SENSOR2/rpm_reg[15]_i_101_n_0. Optimizations did not improve timing on the net.
INFO: [Physopt 32-702] Processed net SENSOR2/rpm_reg_reg[9]_i_2__0_n_4. Optimizations did not improve timing on the net.
INFO: [Physopt 32-702] Processed net SENSOR2/rpm_reg[5]_i_3__0_n_0. Optimizations did not improve timing on the net.
INFO: [Physopt 32-702] Processed net SENSOR2/rpm_reg[5]_i_11__0_n_0. Optimizations did not improve timing on the net.
INFO: [Physopt 32-702] Processed net SENSOR2/rpm_reg_reg[9]_i_12_n_6. Optimizations did not improve timing on the net.
INFO: [Physopt 32-702] Processed net SENSOR2/rpm_reg[5]_i_19__0_n_0. Optimizations did not improve timing on the net.
INFO: [Physopt 32-702] Processed net SENSOR2/rpm_reg_reg[15]_i_9__0_n_5. Optimizations did not improve timing on the net.
INFO: [Physopt 32-702] Processed net SENSOR2/rpm_reg_reg[15]_i_21_n_6. Optimizations did not improve timing on the net.
INFO: [Physopt 32-702] Processed net SENSOR2/rpm_reg[1]_i_66_n_0. Optimizations did not improve timing on the net.
INFO: [Physopt 32-702] Processed net SENSOR2/rpm_reg[15]_i_1__0_n_0. Optimizations did not improve timing on the net.
INFO: [Physopt 32-702] Processed net clk_IBUF. Optimizations did not improve timing on the net.
INFO: [Physopt 32-702] Processed net clk. Optimizations did not improve timing on the net.
INFO: [Physopt 32-619] Estimated Timing Summary | WNS=-10.135 | TNS=-440.639 |
Netlist sorting complete. Time (s): cpu = 00:00:00 ; elapsed = 00:00:00.002 . Memory (MB): peak = 1922.402 ; gain = 0.000
Phase 4 Critical Path Optimization | Checksum: 162310515

Time (s): cpu = 00:00:27 ; elapsed = 00:00:21 . Memory (MB): peak = 1922.402 ; gain = 0.000
Netlist sorting complete. Time (s): cpu = 00:00:00 ; elapsed = 00:00:00.001 . Memory (MB): peak = 1922.402 ; gain = 0.000
INFO: [Physopt 32-603] Post Physical Optimization Timing Summary | WNS=-10.135 | TNS=-440.639 |

Summary of Physical Synthesis Optimizations
============================================


-------------------------------------------------------------------------------------------------------------------------------------------------------------
|  Optimization   |  WNS Gain (ns)  |  TNS Gain (ns)  |  Added Cells  |  Removed Cells  |  Optimized Cells/Nets  |  Dont Touch  |  Iterations  |  Elapsed   |
-------------------------------------------------------------------------------------------------------------------------------------------------------------
|  DSP Register   |          0.000  |          0.000  |            0  |              0  |                     0  |           0  |           1  |  00:00:00  |
|  Critical Path  |          0.958  |         16.479  |            0  |              0  |                    24  |           0  |           2  |  00:00:19  |
|  Total          |          0.958  |         16.479  |            0  |              0  |                    24  |           0  |           3  |  00:00:19  |
-------------------------------------------------------------------------------------------------------------------------------------------------------------


Netlist sorting complete. Time (s): cpu = 00:00:00 ; elapsed = 00:00:00.001 . Memory (MB): peak = 1922.402 ; gain = 0.000
Ending Physical Synthesis Task | Checksum: 14938086f

Time (s): cpu = 00:00:27 ; elapsed = 00:00:21 . Memory (MB): peak = 1922.402 ; gain = 0.000
INFO: [Common 17-83] Releasing license: Implementation
290 Infos, 0 Warnings, 0 Critical Warnings and 0 Errors encountered.
phys_opt_design completed successfully
phys_opt_design: Time (s): cpu = 00:00:33 ; elapsed = 00:00:24 . Memory (MB): peak = 1922.402 ; gain = 0.000
INFO: [Timing 38-480] Writing timing data to binary archive.
Wrote PlaceDB: Time (s): cpu = 00:00:00 ; elapsed = 00:00:00.001 . Memory (MB): peak = 1922.402 ; gain = 0.000
Wrote PulsedLatchDB: Time (s): cpu = 00:00:00 ; elapsed = 00:00:00 . Memory (MB): peak = 1922.402 ; gain = 0.000
Writing XDEF routing.
Write ShapeDB Complete: Time (s): cpu = 00:00:00 ; elapsed = 00:00:00.016 . Memory (MB): peak = 1922.402 ; gain = 0.000
Writing XDEF routing logical nets.
Writing XDEF routing special nets.
Wrote RouteStorage: Time (s): cpu = 00:00:00 ; elapsed = 00:00:00.040 . Memory (MB): peak = 1922.402 ; gain = 0.000
Wrote PlaceStorage: Time (s): cpu = 00:00:01 ; elapsed = 00:00:00.266 . Memory (MB): peak = 1922.402 ; gain = 0.000
Wrote Netlist Cache: Time (s): cpu = 00:00:00 ; elapsed = 00:00:00.008 . Memory (MB): peak = 1922.402 ; gain = 0.000
Wrote Device Cache: Time (s): cpu = 00:00:00 ; elapsed = 00:00:00.008 . Memory (MB): peak = 1922.402 ; gain = 0.000
Write Physdb Complete: Time (s): cpu = 00:00:01 ; elapsed = 00:00:00.342 . Memory (MB): peak = 1922.402 ; gain = 0.000
INFO: [Common 17-1381] The checkpoint 'C:/Users/robin/Documents/GitHub/FPGA-GearBox---Group-Bertolini-Liberato/Gabriel_Files/Gearbox_Project.runs/impl_1/main_motor_top_pwm_physopt.dcp' has been generated.
Command: route_design
Attempting to get a license for feature 'Implementation' and/or device 'xc7a35t'
INFO: [Common 17-349] Got license for feature 'Implementation' and/or device 'xc7a35t'
INFO: [DRC 23-27] Running DRC with 2 threads
INFO: [Vivado_Tcl 4-198] DRC finished with 0 Errors
INFO: [Vivado_Tcl 4-199] Please refer to the DRC report (report_drc) for more information.


Starting Routing Task
INFO: [Route 35-254] Multithreading enabled for route_design using a maximum of 2 CPUs

Phase 1 Build RT Design
Checksum: PlaceDB: 25d09506 ConstDB: 0 ShapeSum: 546a5dac RouteDB: a0815c57
Post Restoration Checksum: NetGraph: 280383d8 | NumContArr: 1912aefd | Constraints: c2a8fa9d | Timing: c2a8fa9d
Phase 1 Build RT Design | Checksum: 1c668280f

Time (s): cpu = 00:00:27 ; elapsed = 00:00:25 . Memory (MB): peak = 1922.402 ; gain = 0.000

Phase 2 Router Initialization

Phase 2.1 Fix Topology Constraints
Phase 2.1 Fix Topology Constraints | Checksum: 1c668280f

Time (s): cpu = 00:00:27 ; elapsed = 00:00:25 . Memory (MB): peak = 1922.402 ; gain = 0.000

Phase 2.2 Pre Route Cleanup
Phase 2.2 Pre Route Cleanup | Checksum: 1c668280f

Time (s): cpu = 00:00:27 ; elapsed = 00:00:25 . Memory (MB): peak = 1922.402 ; gain = 0.000
 Number of Nodes with overlaps = 0

Phase 2.3 Update Timing
Phase 2.3 Update Timing | Checksum: 27d5d62b4

Time (s): cpu = 00:00:29 ; elapsed = 00:00:26 . Memory (MB): peak = 1922.402 ; gain = 0.000
INFO: [Route 35-416] Intermediate Timing Summary | WNS=-9.846 | TNS=-428.786| WHS=-0.129 | THS=-2.892 |


Phase 2.4 Soft Constraint Pins - Fast Budgeting
Phase 2.4 Soft Constraint Pins - Fast Budgeting | Checksum: 1c84e65ae

Time (s): cpu = 00:00:30 ; elapsed = 00:00:26 . Memory (MB): peak = 1922.402 ; gain = 0.000

Router Utilization Summary
  Global Vertical Routing Utilization    = 0 %
  Global Horizontal Routing Utilization  = 0 %
  Routable Net Status*
  *Does not include unroutable nets such as driverless and loadless.
  Run report_route_status for detailed report.
  Number of Failed Nets               = 3326
    (Failed Nets is the sum of unrouted and partially routed nets)
  Number of Unrouted Nets             = 3326
  Number of Partially Routed Nets     = 0
  Number of Node Overlaps             = 0

Phase 2 Router Initialization | Checksum: 1c84e65ae

Time (s): cpu = 00:00:30 ; elapsed = 00:00:27 . Memory (MB): peak = 1922.402 ; gain = 0.000

Phase 3 Global Routing
Phase 3 Global Routing | Checksum: 1c84e65ae

Time (s): cpu = 00:00:30 ; elapsed = 00:00:27 . Memory (MB): peak = 1922.402 ; gain = 0.000

Phase 4 Initial Routing

Phase 4.1 Initial Net Routing Pass
Phase 4.1 Initial Net Routing Pass | Checksum: 2d7786d9c

Time (s): cpu = 00:00:31 ; elapsed = 00:00:27 . Memory (MB): peak = 1922.402 ; gain = 0.000
Phase 4 Initial Routing | Checksum: 2d7786d9c

Time (s): cpu = 00:00:31 ; elapsed = 00:00:27 . Memory (MB): peak = 1922.402 ; gain = 0.000

Phase 5 Rip-up And Reroute

Phase 5.1 Global Iteration 0
 Number of Nodes with overlaps = 1000
 Number of Nodes with overlaps = 429
 Number of Nodes with overlaps = 222
 Number of Nodes with overlaps = 90
 Number of Nodes with overlaps = 28
 Number of Nodes with overlaps = 4
 Number of Nodes with overlaps = 0
INFO: [Route 35-416] Intermediate Timing Summary | WNS=-11.368| TNS=-491.359| WHS=N/A    | THS=N/A    |

Phase 5.1 Global Iteration 0 | Checksum: 181ad55ca

Time (s): cpu = 00:00:42 ; elapsed = 00:00:34 . Memory (MB): peak = 1922.402 ; gain = 0.000

Phase 5.2 Global Iteration 1
 Number of Nodes with overlaps = 432
 Number of Nodes with overlaps = 241
 Number of Nodes with overlaps = 114
 Number of Nodes with overlaps = 69
 Number of Nodes with overlaps = 35
 Number of Nodes with overlaps = 9
 Number of Nodes with overlaps = 4
 Number of Nodes with overlaps = 1
 Number of Nodes with overlaps = 0
INFO: [Route 35-416] Intermediate Timing Summary | WNS=-11.137| TNS=-487.715| WHS=N/A    | THS=N/A    |

Phase 5.2 Global Iteration 1 | Checksum: 19e878fc7

Time (s): cpu = 00:00:51 ; elapsed = 00:00:39 . Memory (MB): peak = 1922.402 ; gain = 0.000

Phase 5.3 Global Iteration 2
 Number of Nodes with overlaps = 301
 Number of Nodes with overlaps = 162
 Number of Nodes with overlaps = 108
 Number of Nodes with overlaps = 69
 Number of Nodes with overlaps = 39
 Number of Nodes with overlaps = 20
 Number of Nodes with overlaps = 14
 Number of Nodes with overlaps = 10
 Number of Nodes with overlaps = 3
 Number of Nodes with overlaps = 1
 Number of Nodes with overlaps = 1
 Number of Nodes with overlaps = 1
 Number of Nodes with overlaps = 0
INFO: [Route 35-416] Intermediate Timing Summary | WNS=-10.900| TNS=-476.027| WHS=N/A    | THS=N/A    |

Phase 5.3 Global Iteration 2 | Checksum: 25f9179cb

Time (s): cpu = 00:00:59 ; elapsed = 00:00:45 . Memory (MB): peak = 1922.402 ; gain = 0.000

Phase 5.4 Global Iteration 3
 Number of Nodes with overlaps = 607
 Number of Nodes with overlaps = 280
 Number of Nodes with overlaps = 126
 Number of Nodes with overlaps = 85
 Number of Nodes with overlaps = 45
 Number of Nodes with overlaps = 18
 Number of Nodes with overlaps = 16
 Number of Nodes with overlaps = 13
 Number of Nodes with overlaps = 10
 Number of Nodes with overlaps = 5
 Number of Nodes with overlaps = 5
 Number of Nodes with overlaps = 0
INFO: [Route 35-416] Intermediate Timing Summary | WNS=-11.036| TNS=-482.048| WHS=N/A    | THS=N/A    |

Phase 5.4 Global Iteration 3 | Checksum: 28aa447e5

Time (s): cpu = 00:01:12 ; elapsed = 00:00:54 . Memory (MB): peak = 1922.402 ; gain = 0.000
Phase 5 Rip-up And Reroute | Checksum: 28aa447e5

Time (s): cpu = 00:01:12 ; elapsed = 00:00:54 . Memory (MB): peak = 1922.402 ; gain = 0.000

Phase 6 Delay and Skew Optimization

Phase 6.1 Delay CleanUp

Phase 6.1.1 Update Timing
Phase 6.1.1 Update Timing | Checksum: 258710a10

Time (s): cpu = 00:01:12 ; elapsed = 00:00:54 . Memory (MB): peak = 1922.402 ; gain = 0.000
INFO: [Route 35-416] Intermediate Timing Summary | WNS=-10.821| TNS=-472.156| WHS=N/A    | THS=N/A    |

 Number of Nodes with overlaps = 0
Phase 6.1 Delay CleanUp | Checksum: 194738f18

Time (s): cpu = 00:01:12 ; elapsed = 00:00:54 . Memory (MB): peak = 1922.402 ; gain = 0.000

Phase 6.2 Clock Skew Optimization
Phase 6.2 Clock Skew Optimization | Checksum: 194738f18

Time (s): cpu = 00:01:12 ; elapsed = 00:00:54 . Memory (MB): peak = 1922.402 ; gain = 0.000
Phase 6 Delay and Skew Optimization | Checksum: 194738f18

Time (s): cpu = 00:01:12 ; elapsed = 00:00:54 . Memory (MB): peak = 1922.402 ; gain = 0.000

Phase 7 Post Hold Fix

Phase 7.1 Hold Fix Iter
INFO: [Route 35-416] Intermediate Timing Summary | WNS=-10.774| TNS=-470.897| WHS=0.086  | THS=0.000  |

Phase 7.1 Hold Fix Iter | Checksum: 13a76fdac

Time (s): cpu = 00:01:13 ; elapsed = 00:00:54 . Memory (MB): peak = 1922.402 ; gain = 0.000
Phase 7 Post Hold Fix | Checksum: 13a76fdac

Time (s): cpu = 00:01:13 ; elapsed = 00:00:54 . Memory (MB): peak = 1922.402 ; gain = 0.000

Phase 8 Route finalize

Router Utilization Summary
  Global Vertical Routing Utilization    = 0.94483 %
  Global Horizontal Routing Utilization  = 1.34695 %
  Routable Net Status*
  *Does not include unroutable nets such as driverless and loadless.
  Run report_route_status for detailed report.
  Number of Failed Nets               = 0
    (Failed Nets is the sum of unrouted and partially routed nets)
  Number of Unrouted Nets             = 0
  Number of Partially Routed Nets     = 0
  Number of Node Overlaps             = 0


--GLOBAL Congestion:
Utilization threshold used for congestion level computation: 0.85
Congestion Report
North Dir 1x1 Area, Max Cong = 43.2432%, No Congested Regions.
South Dir 1x1 Area, Max Cong = 35.1351%, No Congested Regions.
East Dir 1x1 Area, Max Cong = 64.7059%, No Congested Regions.
West Dir 1x1 Area, Max Cong = 73.5294%, No Congested Regions.

------------------------------
Reporting congestion hotspots
------------------------------
Direction: North
----------------
Congested clusters found at Level 0
Effective congestion level: 0 Aspect Ratio: 1 Sparse Ratio: 0
Direction: South
----------------
Congested clusters found at Level 0
Effective congestion level: 0 Aspect Ratio: 1 Sparse Ratio: 0
Direction: East
----------------
Congested clusters found at Level 0
Effective congestion level: 0 Aspect Ratio: 1 Sparse Ratio: 0
Direction: West
----------------
Congested clusters found at Level 0
Effective congestion level: 0 Aspect Ratio: 1 Sparse Ratio: 0

Phase 8 Route finalize | Checksum: 13a76fdac

Time (s): cpu = 00:01:13 ; elapsed = 00:00:54 . Memory (MB): peak = 1922.402 ; gain = 0.000

Phase 9 Verifying routed nets

 Verification completed successfully
Phase 9 Verifying routed nets | Checksum: 13a76fdac

Time (s): cpu = 00:01:13 ; elapsed = 00:00:54 . Memory (MB): peak = 1922.402 ; gain = 0.000

Phase 10 Depositing Routes
Phase 10 Depositing Routes | Checksum: 19b953943

Time (s): cpu = 00:01:14 ; elapsed = 00:00:55 . Memory (MB): peak = 1922.402 ; gain = 0.000

Phase 11 Post Process Routing
Phase 11 Post Process Routing | Checksum: 19b953943

Time (s): cpu = 00:01:14 ; elapsed = 00:00:55 . Memory (MB): peak = 1922.402 ; gain = 0.000

Phase 12 Post Router Timing
INFO: [Route 35-57] Estimated Timing Summary | WNS=-10.774| TNS=-470.897| WHS=0.086  | THS=0.000  |

WARNING: [Route 35-328] Router estimated timing not met.
Resolution: For a complete and accurate timing signoff, report_timing_summary must be run after route_design. Alternatively, route_design can be run with the -timing_summary option to enable a complete timing signoff at the end of route_design.
Phase 12 Post Router Timing | Checksum: 19b953943

Time (s): cpu = 00:01:14 ; elapsed = 00:00:55 . Memory (MB): peak = 1922.402 ; gain = 0.000
Total Elapsed time in route_design: 55.083 secs

Phase 13 Post-Route Event Processing
Phase 13 Post-Route Event Processing | Checksum: 1e06344dd

Time (s): cpu = 00:01:14 ; elapsed = 00:00:55 . Memory (MB): peak = 1922.402 ; gain = 0.000
INFO: [Route 35-16] Router Completed Successfully
Ending Routing Task | Checksum: 1e06344dd

Time (s): cpu = 00:01:14 ; elapsed = 00:00:55 . Memory (MB): peak = 1922.402 ; gain = 0.000

Routing Is Done.
INFO: [Common 17-83] Releasing license: Implementation
307 Infos, 1 Warnings, 0 Critical Warnings and 0 Errors encountered.
route_design completed successfully
route_design: Time (s): cpu = 00:01:14 ; elapsed = 00:00:56 . Memory (MB): peak = 1922.402 ; gain = 0.000
INFO: [Vivado 12-24828] Executing command : report_drc -file main_motor_top_pwm_drc_routed.rpt -pb main_motor_top_pwm_drc_routed.pb -rpx main_motor_top_pwm_drc_routed.rpx
Command: report_drc -file main_motor_top_pwm_drc_routed.rpt -pb main_motor_top_pwm_drc_routed.pb -rpx main_motor_top_pwm_drc_routed.rpx
INFO: [IP_Flow 19-1839] IP Catalog is up to date.
INFO: [DRC 23-27] Running DRC with 2 threads
INFO: [Vivado_Tcl 2-168] The results of DRC are in file C:/Users/robin/Documents/GitHub/FPGA-GearBox---Group-Bertolini-Liberato/Gabriel_Files/Gearbox_Project.runs/impl_1/main_motor_top_pwm_drc_routed.rpt.
report_drc completed successfully
report_drc: Time (s): cpu = 00:00:13 ; elapsed = 00:00:10 . Memory (MB): peak = 1922.402 ; gain = 0.000
INFO: [Vivado 12-24828] Executing command : report_methodology -file main_motor_top_pwm_methodology_drc_routed.rpt -pb main_motor_top_pwm_methodology_drc_routed.pb -rpx main_motor_top_pwm_methodology_drc_routed.rpx
Command: report_methodology -file main_motor_top_pwm_methodology_drc_routed.rpt -pb main_motor_top_pwm_methodology_drc_routed.pb -rpx main_motor_top_pwm_methodology_drc_routed.rpx
INFO: [Timing 38-35] Done setting XDC timing constraints.
INFO: [DRC 23-133] Running Methodology with 2 threads
INFO: [Vivado_Tcl 2-1520] The results of Report Methodology are in file C:/Users/robin/Documents/GitHub/FPGA-GearBox---Group-Bertolini-Liberato/Gabriel_Files/Gearbox_Project.runs/impl_1/main_motor_top_pwm_methodology_drc_routed.rpt.
report_methodology completed successfully
report_methodology: Time (s): cpu = 00:00:14 ; elapsed = 00:00:09 . Memory (MB): peak = 1922.402 ; gain = 0.000
INFO: [Vivado 12-24828] Executing command : report_timing_summary -max_paths 10 -routable_nets -report_unconstrained -file main_motor_top_pwm_timing_summary_routed.rpt -pb main_motor_top_pwm_timing_summary_routed.pb -rpx main_motor_top_pwm_timing_summary_routed.rpx -warn_on_violation 
INFO: [Timing 38-35] Done setting XDC timing constraints.
INFO: [Timing 38-91] UpdateTimingParams: Speed grade: -1, Delay Type: min_max.
INFO: [Timing 38-191] Multithreading enabled for timing update using a maximum of 2 CPUs
CRITICAL WARNING: [Timing 38-282] The design failed to meet the timing requirements. Please see the timing summary report for details on the timing violations.
INFO: [Vivado 12-24838] Running report commands "report_incremental_reuse, report_route_status" in parallel.
Running report generation with 2 threads.
INFO: [Vivado 12-24828] Executing command : report_incremental_reuse -file main_motor_top_pwm_incremental_reuse_routed.rpt
INFO: [Vivado_Tcl 4-1062] Incremental flow is disabled. No incremental reuse Info to report.
INFO: [Vivado 12-24828] Executing command : report_route_status -file main_motor_top_pwm_route_status.rpt -pb main_motor_top_pwm_route_status.pb
INFO: [Vivado 12-24828] Executing command : report_power -file main_motor_top_pwm_power_routed.rpt -pb main_motor_top_pwm_power_summary_routed.pb -rpx main_motor_top_pwm_power_routed.rpx
Command: report_power -file main_motor_top_pwm_power_routed.rpt -pb main_motor_top_pwm_power_summary_routed.pb -rpx main_motor_top_pwm_power_routed.rpx
Running Vector-less Activity Propagation...

Finished Running Vector-less Activity Propagation
324 Infos, 1 Warnings, 1 Critical Warnings and 0 Errors encountered.
report_power completed successfully
INFO: [Vivado 12-24828] Executing command : report_clock_utilization -file main_motor_top_pwm_clock_utilization_routed.rpt
INFO: [Vivado 12-24828] Executing command : report_bus_skew -warn_on_violation -file main_motor_top_pwm_bus_skew_routed.rpt -pb main_motor_top_pwm_bus_skew_routed.pb -rpx main_motor_top_pwm_bus_skew_routed.rpx
INFO: [Timing 38-91] UpdateTimingParams: Speed grade: -1, Delay Type: min_max.
INFO: [Timing 38-191] Multithreading enabled for timing update using a maximum of 2 CPUs
generate_parallel_reports: Time (s): cpu = 00:00:35 ; elapsed = 00:00:26 . Memory (MB): peak = 1922.402 ; gain = 0.000
INFO: [Timing 38-480] Writing timing data to binary archive.
Wrote PlaceDB: Time (s): cpu = 00:00:00 ; elapsed = 00:00:00 . Memory (MB): peak = 1922.402 ; gain = 0.000
Wrote PulsedLatchDB: Time (s): cpu = 00:00:00 ; elapsed = 00:00:00 . Memory (MB): peak = 1922.402 ; gain = 0.000
Writing XDEF routing.
Write ShapeDB Complete: Time (s): cpu = 00:00:00 ; elapsed = 00:00:00.030 . Memory (MB): peak = 1922.402 ; gain = 0.000
Writing XDEF routing logical nets.
Writing XDEF routing special nets.
Wrote RouteStorage: Time (s): cpu = 00:00:01 ; elapsed = 00:00:00.271 . Memory (MB): peak = 1922.402 ; gain = 0.000
Wrote PlaceStorage: Time (s): cpu = 00:00:02 ; elapsed = 00:00:01 . Memory (MB): peak = 1922.402 ; gain = 0.000
Wrote Netlist Cache: Time (s): cpu = 00:00:00 ; elapsed = 00:00:00.026 . Memory (MB): peak = 1922.402 ; gain = 0.000
Wrote Device Cache: Time (s): cpu = 00:00:00 ; elapsed = 00:00:00.022 . Memory (MB): peak = 1922.402 ; gain = 0.000
Write Physdb Complete: Time (s): cpu = 00:00:03 ; elapsed = 00:00:01 . Memory (MB): peak = 1922.402 ; gain = 0.000
INFO: [Common 17-1381] The checkpoint 'C:/Users/robin/Documents/GitHub/FPGA-GearBox---Group-Bertolini-Liberato/Gabriel_Files/Gearbox_Project.runs/impl_1/main_motor_top_pwm_routed.dcp' has been generated.
INFO: [Common 17-206] Exiting Vivado at Fri May 29 15:25:58 2026...
