#-----------------------------------------------------------
# Vivado v2025.2 (64-bit)
# SW Build 6299465 on Fri Nov 14 19:35:11 GMT 2025
# IP Build 6300035 on Fri Nov 14 10:48:45 MST 2025
# SharedData Build 6298862 on Thu Nov 13 04:50:51 MST 2025
# Start of session at: Thu May 28 11:25:38 2026
# Process ID         : 16912
# Current directory  : C:/Users/Gabriel Liberato/Gearbox_Project/Gabriel_Files/Gearbox_Project.runs/impl_1
# Command line       : vivado.exe -log main_motor_top_pwm.vdi -applog -product Vivado -messageDb vivado.pb -mode batch -source main_motor_top_pwm.tcl -notrace
# Log file           : C:/Users/Gabriel Liberato/Gearbox_Project/Gabriel_Files/Gearbox_Project.runs/impl_1/main_motor_top_pwm.vdi
# Journal file       : C:/Users/Gabriel Liberato/Gearbox_Project/Gabriel_Files/Gearbox_Project.runs/impl_1\vivado.jou
# Running On         : DESKTOP-UFF887S
# Platform           : Windows Server 2016 or Windows 10
# Operating System   : 26200
# Processor Detail   : AMD Ryzen 7 5700U with Radeon Graphics         
# CPU Frequency      : 1797 MHz
# CPU Physical cores : 8
# CPU Logical cores  : 16
# Host memory        : 33699 MB
# Swap memory        : 2147 MB
# Total Virtual      : 35847 MB
# Available Virtual  : 21760 MB
#-----------------------------------------------------------
source main_motor_top_pwm.tcl -notrace
