
*** Running vivado
    with args -log main_motor_top_pwm.vds -m64 -product Vivado -mode batch -messageDb vivado.pb -notrace -source main_motor_top_pwm.tcl



****** Vivado v2025.2 (64-bit)
  **** SW Build 6299465 on Fri Nov 14 19:35:11 GMT 2025
  **** IP Build 6300035 on Fri Nov 14 10:48:45 MST 2025
  **** SharedData Build 6298862 on Thu Nov 13 04:50:51 MST 2025
  **** Start of session at: Thu May 28 11:33:02 2026
    ** Copyright 1986-2022 Xilinx, Inc. All Rights Reserved.
    ** Copyright 2022-2025 Advanced Micro Devices, Inc. All Rights Reserved.

source main_motor_top_pwm.tcl -notrace
create_project: Time (s): cpu = 00:00:12 ; elapsed = 00:00:08 . Memory (MB): peak = 586.637 ; gain = 279.562
Command: read_checkpoint -auto_incremental -incremental {C:/Users/Gabriel Liberato/Gearbox_Project/Gabriel_Files/Gearbox_Project.srcs/utils_1/imports/synth_1/main_motor_top_pwm.dcp}
INFO: [Vivado 12-5825] Read reference checkpoint from C:/Users/Gabriel Liberato/Gearbox_Project/Gabriel_Files/Gearbox_Project.srcs/utils_1/imports/synth_1/main_motor_top_pwm.dcp for incremental synthesis
INFO: [Vivado 12-7989] Please ensure there are no constraint changes
Command: synth_design -top main_motor_top_pwm -part xc7a35tcpg236-1
Starting synth_design
Attempting to get a license for feature 'Synthesis' and/or device 'xc7a35t'
INFO: [Common 17-349] Got license for feature 'Synthesis' and/or device 'xc7a35t'
INFO: [Device 21-403] Loading part xc7a35tcpg236-1
INFO: [Designutils 20-5440] No compile time benefit to using incremental synthesis; A full resynthesis will be run
INFO: [Designutils 20-4379] Flow is switching to default flow due to incremental criteria not met. If you would like to alter this behaviour and have the flow terminate instead, please set the following parameter config_implementation {autoIncr.Synth.RejectBehavior Terminate}
INFO: [Synth 8-7079] Multithreading enabled for synth_design using a maximum of 2 processes.
INFO: [Synth 8-7078] Launching helper process for spawning children vivado processes
INFO: [Synth 8-7075] Helper process launched with PID 6828
---------------------------------------------------------------------------------
Starting RTL Elaboration : Time (s): cpu = 00:00:06 ; elapsed = 00:00:06 . Memory (MB): peak = 1320.082 ; gain = 541.215
---------------------------------------------------------------------------------
INFO: [Synth 8-638] synthesizing module 'main_motor_top_pwm' [C:/Users/Gabriel Liberato/Gearbox_Project/Gabriel_Files/Gearbox_Project.srcs/sources_1/new/main_motor_top_pwm.vhd:34]
	Parameter CLK_FREQ_HZ bound to: 100000000 - type: integer 
	Parameter HOMING_DIR bound to: 1'b1 
	Parameter POST_HOMING_OFFSET bound to: 550 - type: integer 
INFO: [Synth 8-3491] module 'stepper_position_controller' declared at 'C:/Users/Gabriel Liberato/Gearbox_Project/Gabriel_Files/Gearbox_Project.srcs/sources_1/new/stepper_motor_ctrl.vhd:5' bound to instance 'STEP1' of component 'stepper_position_controller' [C:/Users/Gabriel Liberato/Gearbox_Project/Gabriel_Files/Gearbox_Project.srcs/sources_1/new/main_motor_top_pwm.vhd:199]
INFO: [Synth 8-638] synthesizing module 'stepper_position_controller' [C:/Users/Gabriel Liberato/Gearbox_Project/Gabriel_Files/Gearbox_Project.srcs/sources_1/new/stepper_motor_ctrl.vhd:23]
	Parameter CLK_FREQ_HZ bound to: 100000000 - type: integer 
	Parameter HOMING_DIR bound to: 1'b1 
	Parameter POST_HOMING_OFFSET bound to: 550 - type: integer 
INFO: [Synth 8-256] done synthesizing module 'stepper_position_controller' (0#1) [C:/Users/Gabriel Liberato/Gearbox_Project/Gabriel_Files/Gearbox_Project.srcs/sources_1/new/stepper_motor_ctrl.vhd:23]
	Parameter CLK_FREQ_HZ bound to: 100000000 - type: integer 
	Parameter HOMING_DIR bound to: 1'b1 
	Parameter POST_HOMING_OFFSET bound to: 550 - type: integer 
INFO: [Synth 8-3491] module 'stepper_position_controller' declared at 'C:/Users/Gabriel Liberato/Gearbox_Project/Gabriel_Files/Gearbox_Project.srcs/sources_1/new/stepper_motor_ctrl.vhd:5' bound to instance 'STEP2' of component 'stepper_position_controller' [C:/Users/Gabriel Liberato/Gearbox_Project/Gabriel_Files/Gearbox_Project.srcs/sources_1/new/main_motor_top_pwm.vhd:212]
	Parameter CLK_FREQ_HZ bound to: 100000000 - type: integer 
	Parameter MEASUREMENT_MS bound to: 500 - type: integer 
	Parameter SLOTS_PER_REV bound to: 22 - type: integer 
INFO: [Synth 8-3491] module 'hc020k' declared at 'C:/Users/Gabriel Liberato/Gearbox_Project/Gabriel_Files/Gearbox_Project.srcs/sources_1/new/hc020k.vhd:9' bound to instance 'SENSOR1' of component 'hc020k' [C:/Users/Gabriel Liberato/Gearbox_Project/Gabriel_Files/Gearbox_Project.srcs/sources_1/new/main_motor_top_pwm.vhd:228]
INFO: [Synth 8-638] synthesizing module 'hc020k' [C:/Users/Gabriel Liberato/Gearbox_Project/Gabriel_Files/Gearbox_Project.srcs/sources_1/new/hc020k.vhd:24]
	Parameter CLK_FREQ_HZ bound to: 100000000 - type: integer 
	Parameter MEASUREMENT_MS bound to: 500 - type: integer 
	Parameter SLOTS_PER_REV bound to: 22 - type: integer 
INFO: [Synth 8-256] done synthesizing module 'hc020k' (0#1) [C:/Users/Gabriel Liberato/Gearbox_Project/Gabriel_Files/Gearbox_Project.srcs/sources_1/new/hc020k.vhd:24]
	Parameter CLK_FREQ_HZ bound to: 100000000 - type: integer 
	Parameter MEASUREMENT_MS bound to: 500 - type: integer 
	Parameter SLOTS_PER_REV bound to: 22 - type: integer 
INFO: [Synth 8-3491] module 'hc020k' declared at 'C:/Users/Gabriel Liberato/Gearbox_Project/Gabriel_Files/Gearbox_Project.srcs/sources_1/new/hc020k.vhd:9' bound to instance 'SENSOR2' of component 'hc020k' [C:/Users/Gabriel Liberato/Gearbox_Project/Gabriel_Files/Gearbox_Project.srcs/sources_1/new/main_motor_top_pwm.vhd:232]
INFO: [Synth 8-226] default block is never used [C:/Users/Gabriel Liberato/Gearbox_Project/Gabriel_Files/Gearbox_Project.srcs/sources_1/new/main_motor_top_pwm.vhd:330]
INFO: [Synth 8-256] done synthesizing module 'main_motor_top_pwm' (0#1) [C:/Users/Gabriel Liberato/Gearbox_Project/Gabriel_Files/Gearbox_Project.srcs/sources_1/new/main_motor_top_pwm.vhd:34]
WARNING: [Synth 8-3917] design main_motor_top_pwm has port led[11] driven by constant 0
WARNING: [Synth 8-3917] design main_motor_top_pwm has port led[10] driven by constant 0
WARNING: [Synth 8-3917] design main_motor_top_pwm has port led[9] driven by constant 0
WARNING: [Synth 8-3917] design main_motor_top_pwm has port led[8] driven by constant 0
WARNING: [Synth 8-3917] design main_motor_top_pwm has port led[7] driven by constant 0
WARNING: [Synth 8-3917] design main_motor_top_pwm has port led[6] driven by constant 0
WARNING: [Synth 8-3917] design main_motor_top_pwm has port led[5] driven by constant 0
WARNING: [Synth 8-3917] design main_motor_top_pwm has port led[4] driven by constant 0
WARNING: [Synth 8-3917] design main_motor_top_pwm has port JXADC[0] driven by constant 1
WARNING: [Synth 8-3917] design main_motor_top_pwm has port dp driven by constant 1
WARNING: [Synth 8-7129] Port sw[14] in module main_motor_top_pwm is either unconnected or has no load
WARNING: [Synth 8-7129] Port sw[12] in module main_motor_top_pwm is either unconnected or has no load
WARNING: [Synth 8-7129] Port sw[11] in module main_motor_top_pwm is either unconnected or has no load
WARNING: [Synth 8-7129] Port sw[10] in module main_motor_top_pwm is either unconnected or has no load
WARNING: [Synth 8-7129] Port sw[9] in module main_motor_top_pwm is either unconnected or has no load
WARNING: [Synth 8-7129] Port sw[8] in module main_motor_top_pwm is either unconnected or has no load
WARNING: [Synth 8-7129] Port sw[7] in module main_motor_top_pwm is either unconnected or has no load
WARNING: [Synth 8-7129] Port sw[6] in module main_motor_top_pwm is either unconnected or has no load
WARNING: [Synth 8-7129] Port sw[5] in module main_motor_top_pwm is either unconnected or has no load
WARNING: [Synth 8-7129] Port sw[4] in module main_motor_top_pwm is either unconnected or has no load
WARNING: [Synth 8-7129] Port sw[3] in module main_motor_top_pwm is either unconnected or has no load
WARNING: [Synth 8-7129] Port sw[2] in module main_motor_top_pwm is either unconnected or has no load
WARNING: [Synth 8-7129] Port sw[1] in module main_motor_top_pwm is either unconnected or has no load
---------------------------------------------------------------------------------
Finished RTL Elaboration : Time (s): cpu = 00:00:08 ; elapsed = 00:00:09 . Memory (MB): peak = 1442.492 ; gain = 663.625
---------------------------------------------------------------------------------
---------------------------------------------------------------------------------
Start Handling Custom Attributes
---------------------------------------------------------------------------------
---------------------------------------------------------------------------------
Finished Handling Custom Attributes : Time (s): cpu = 00:00:08 ; elapsed = 00:00:09 . Memory (MB): peak = 1442.492 ; gain = 663.625
---------------------------------------------------------------------------------
---------------------------------------------------------------------------------
Finished RTL Optimization Phase 1 : Time (s): cpu = 00:00:08 ; elapsed = 00:00:09 . Memory (MB): peak = 1442.492 ; gain = 663.625
---------------------------------------------------------------------------------
Netlist sorting complete. Time (s): cpu = 00:00:00 ; elapsed = 00:00:00.031 . Memory (MB): peak = 1442.492 ; gain = 0.000
INFO: [Project 1-570] Preparing netlist for logic optimization

Processing XDC Constraints
Initializing timing engine
Parsing XDC File [C:/Users/Gabriel Liberato/Gearbox_Project/Gabriel_Files/Gearbox_Project.srcs/constrs_1/new/dual_stepper_basys3.xdc]
Finished Parsing XDC File [C:/Users/Gabriel Liberato/Gearbox_Project/Gabriel_Files/Gearbox_Project.srcs/constrs_1/new/dual_stepper_basys3.xdc]
INFO: [Project 1-236] Implementation specific constraints were found while reading constraint file [C:/Users/Gabriel Liberato/Gearbox_Project/Gabriel_Files/Gearbox_Project.srcs/constrs_1/new/dual_stepper_basys3.xdc]. These constraints will be ignored for synthesis but will be used in implementation. Impacted constraints are listed in the file [.Xil/main_motor_top_pwm_propImpl.xdc].
Resolution: To avoid this warning, move constraints listed in [.Xil/main_motor_top_pwm_propImpl.xdc] to another XDC file and exclude this new file from synthesis with the used_in_synthesis property (File Properties dialog in GUI) and re-run elaboration/synthesis.
Completed Processing XDC Constraints

Netlist sorting complete. Time (s): cpu = 00:00:00 ; elapsed = 00:00:00.001 . Memory (MB): peak = 1476.449 ; gain = 0.000
INFO: [Project 1-111] Unisim Transformation Summary:
No Unisim elements were transformed.

Constraint Validation Runtime : Time (s): cpu = 00:00:00 ; elapsed = 00:00:00.017 . Memory (MB): peak = 1476.449 ; gain = 0.000
INFO: [Designutils 20-5440] No compile time benefit to using incremental synthesis; A full resynthesis will be run
INFO: [Designutils 20-4379] Flow is switching to default flow due to incremental criteria not met. If you would like to alter this behaviour and have the flow terminate instead, please set the following parameter config_implementation {autoIncr.Synth.RejectBehavior Terminate}
---------------------------------------------------------------------------------
Finished Constraint Validation : Time (s): cpu = 00:00:18 ; elapsed = 00:00:19 . Memory (MB): peak = 1476.449 ; gain = 697.582
---------------------------------------------------------------------------------
---------------------------------------------------------------------------------
Start Loading Part and Timing Information
---------------------------------------------------------------------------------
Loading part: xc7a35tcpg236-1
---------------------------------------------------------------------------------
Finished Loading Part and Timing Information : Time (s): cpu = 00:00:18 ; elapsed = 00:00:19 . Memory (MB): peak = 1476.449 ; gain = 697.582
---------------------------------------------------------------------------------
---------------------------------------------------------------------------------
Start Applying 'set_property' XDC Constraints
---------------------------------------------------------------------------------
---------------------------------------------------------------------------------
Finished applying 'set_property' XDC Constraints : Time (s): cpu = 00:00:18 ; elapsed = 00:00:19 . Memory (MB): peak = 1476.449 ; gain = 697.582
---------------------------------------------------------------------------------
INFO: [Synth 8-802] inferred FSM for state register 'state_reg' in module 'stepper_position_controller'
---------------------------------------------------------------------------------------------------
                   State |                     New Encoding |                Previous Encoding 
---------------------------------------------------------------------------------------------------
                    idle |                              000 |                              000
              calib_move |                              001 |                              001
              calib_wait |                              010 |                              010
        post_homing_move |                              011 |                              011
        post_homing_wait |                              100 |                              100
                   ready |                              101 |                              101
                    move |                              110 |                              110
---------------------------------------------------------------------------------------------------
INFO: [Synth 8-3354] encoded FSM with state register 'state_reg' using encoding 'sequential' in module 'stepper_position_controller'
---------------------------------------------------------------------------------
Finished RTL Optimization Phase 2 : Time (s): cpu = 00:00:18 ; elapsed = 00:00:19 . Memory (MB): peak = 1476.449 ; gain = 697.582
---------------------------------------------------------------------------------
---------------------------------------------------------------------------------
Start RTL Component Statistics 
---------------------------------------------------------------------------------
Detailed RTL Component Info : 
+---Adders : 
	   2 Input   32 Bit       Adders := 15    
	   2 Input   31 Bit       Adders := 4     
	   2 Input   17 Bit       Adders := 1     
	   2 Input   16 Bit       Adders := 2     
	   2 Input   10 Bit       Adders := 2     
	   2 Input    4 Bit       Adders := 4     
	   2 Input    2 Bit       Adders := 1     
+---XORs : 
	   2 Input      1 Bit         XORs := 4     
+---Registers : 
	               32 Bit    Registers := 10    
	               17 Bit    Registers := 1     
	               16 Bit    Registers := 6     
	               13 Bit    Registers := 2     
	               10 Bit    Registers := 2     
	                3 Bit    Registers := 3     
	                2 Bit    Registers := 1     
	                1 Bit    Registers := 14    
+---Muxes : 
	   2 Input   32 Bit        Muxes := 5     
	   7 Input   32 Bit        Muxes := 10    
	   2 Input   16 Bit        Muxes := 3     
	   2 Input   13 Bit        Muxes := 2     
	   5 Input   12 Bit        Muxes := 2     
	   8 Input    4 Bit        Muxes := 2     
	   4 Input    4 Bit        Muxes := 2     
	   6 Input    4 Bit        Muxes := 1     
	   2 Input    3 Bit        Muxes := 6     
	   8 Input    3 Bit        Muxes := 12    
	   7 Input    3 Bit        Muxes := 4     
	   5 Input    3 Bit        Muxes := 1     
	   2 Input    2 Bit        Muxes := 1     
	   2 Input    1 Bit        Muxes := 7     
	   7 Input    1 Bit        Muxes := 16    
	   5 Input    1 Bit        Muxes := 1     
---------------------------------------------------------------------------------
Finished RTL Component Statistics 
---------------------------------------------------------------------------------
---------------------------------------------------------------------------------
Start Part Resource Summary
---------------------------------------------------------------------------------
Part Resources:
DSPs: 90 (col length:60)
BRAMs: 100 (col length: RAMB18 60 RAMB36 30)
---------------------------------------------------------------------------------
Finished Part Resource Summary
---------------------------------------------------------------------------------
---------------------------------------------------------------------------------
Start Cross Boundary and Area Optimization
---------------------------------------------------------------------------------
DSP Report: Generating DSP rpm_reg1, operation Mode is: A2*(B:0x78).
DSP Report: register pulse_cnt_reg is absorbed into DSP rpm_reg1.
DSP Report: operator rpm_reg1 is absorbed into DSP rpm_reg1.
DSP Report: Generating DSP rpm_reg1, operation Mode is: A2*(B:0x78).
DSP Report: register pulse_cnt_reg is absorbed into DSP rpm_reg1.
DSP Report: operator rpm_reg1 is absorbed into DSP rpm_reg1.
WARNING: [Synth 8-3917] design main_motor_top_pwm has port led[11] driven by constant 0
WARNING: [Synth 8-3917] design main_motor_top_pwm has port led[10] driven by constant 0
WARNING: [Synth 8-3917] design main_motor_top_pwm has port led[9] driven by constant 0
WARNING: [Synth 8-3917] design main_motor_top_pwm has port led[8] driven by constant 0
WARNING: [Synth 8-3917] design main_motor_top_pwm has port led[7] driven by constant 0
WARNING: [Synth 8-3917] design main_motor_top_pwm has port led[6] driven by constant 0
WARNING: [Synth 8-3917] design main_motor_top_pwm has port led[5] driven by constant 0
WARNING: [Synth 8-3917] design main_motor_top_pwm has port led[4] driven by constant 0
WARNING: [Synth 8-3917] design main_motor_top_pwm has port JXADC[0] driven by constant 1
WARNING: [Synth 8-3917] design main_motor_top_pwm has port dp driven by constant 1
WARNING: [Synth 8-7129] Port sw[14] in module main_motor_top_pwm is either unconnected or has no load
WARNING: [Synth 8-7129] Port sw[12] in module main_motor_top_pwm is either unconnected or has no load
WARNING: [Synth 8-7129] Port sw[11] in module main_motor_top_pwm is either unconnected or has no load
WARNING: [Synth 8-7129] Port sw[10] in module main_motor_top_pwm is either unconnected or has no load
WARNING: [Synth 8-7129] Port sw[9] in module main_motor_top_pwm is either unconnected or has no load
WARNING: [Synth 8-7129] Port sw[8] in module main_motor_top_pwm is either unconnected or has no load
WARNING: [Synth 8-7129] Port sw[7] in module main_motor_top_pwm is either unconnected or has no load
WARNING: [Synth 8-7129] Port sw[6] in module main_motor_top_pwm is either unconnected or has no load
WARNING: [Synth 8-7129] Port sw[5] in module main_motor_top_pwm is either unconnected or has no load
WARNING: [Synth 8-7129] Port sw[4] in module main_motor_top_pwm is either unconnected or has no load
WARNING: [Synth 8-7129] Port sw[3] in module main_motor_top_pwm is either unconnected or has no load
WARNING: [Synth 8-7129] Port sw[2] in module main_motor_top_pwm is either unconnected or has no load
WARNING: [Synth 8-7129] Port sw[1] in module main_motor_top_pwm is either unconnected or has no load
---------------------------------------------------------------------------------
Finished Cross Boundary and Area Optimization : Time (s): cpu = 00:00:34 ; elapsed = 00:00:35 . Memory (MB): peak = 1685.641 ; gain = 906.773
---------------------------------------------------------------------------------
 Sort Area is  rpm_reg1_0 : 0 0 : 168 168 : Used 1 time 0
 Sort Area is  rpm_reg1_2 : 0 0 : 168 168 : Used 1 time 0
---------------------------------------------------------------------------------
Start ROM, RAM, DSP, Shift Register and Retiming Reporting
---------------------------------------------------------------------------------

DSP: Preliminary Mapping Report (see note below. The ' indicates corresponding REG is set)
+------------+-------------+--------+--------+--------+--------+--------+------+------+------+------+-------+------+------+
|Module Name | DSP Mapping | A Size | B Size | C Size | D Size | P Size | AREG | BREG | CREG | DREG | ADREG | MREG | PREG | 
+------------+-------------+--------+--------+--------+--------+--------+------+------+------+------+-------+------+------+
|hc020k      | A2*(B:0x78) | 16     | 7      | -      | -      | 23     | 1    | 0    | -    | -    | -     | 0    | 0    | 
|hc020k      | A2*(B:0x78) | 16     | 7      | -      | -      | 23     | 1    | 0    | -    | -    | -     | 0    | 0    | 
+------------+-------------+--------+--------+--------+--------+--------+------+------+------+------+-------+------+------+

Note: The table above is a preliminary report that shows the DSPs inferred at the current stage of the synthesis flow. Some DSP may be reimplemented as non DSP primitives later in the synthesis flow. Multiple instantiated DSPs are reported only once.
---------------------------------------------------------------------------------
Finished ROM, RAM, DSP, Shift Register and Retiming Reporting
---------------------------------------------------------------------------------
---------------------------------------------------------------------------------
Start Applying XDC Timing Constraints
---------------------------------------------------------------------------------
---------------------------------------------------------------------------------
Finished Applying XDC Timing Constraints : Time (s): cpu = 00:00:43 ; elapsed = 00:00:44 . Memory (MB): peak = 1692.664 ; gain = 913.797
---------------------------------------------------------------------------------
---------------------------------------------------------------------------------
Start Timing Optimization
---------------------------------------------------------------------------------
---------------------------------------------------------------------------------
Finished Timing Optimization : Time (s): cpu = 00:00:45 ; elapsed = 00:00:46 . Memory (MB): peak = 1734.105 ; gain = 955.238
---------------------------------------------------------------------------------
---------------------------------------------------------------------------------
Start Technology Mapping
---------------------------------------------------------------------------------
---------------------------------------------------------------------------------
Finished Technology Mapping : Time (s): cpu = 00:00:46 ; elapsed = 00:00:47 . Memory (MB): peak = 1773.250 ; gain = 994.383
---------------------------------------------------------------------------------
---------------------------------------------------------------------------------
Start IO Insertion
---------------------------------------------------------------------------------
---------------------------------------------------------------------------------
Start Flattening Before IO Insertion
---------------------------------------------------------------------------------
---------------------------------------------------------------------------------
Finished Flattening Before IO Insertion
---------------------------------------------------------------------------------
---------------------------------------------------------------------------------
Start Final Netlist Cleanup
---------------------------------------------------------------------------------
---------------------------------------------------------------------------------
Finished Final Netlist Cleanup
---------------------------------------------------------------------------------
---------------------------------------------------------------------------------
Finished IO Insertion : Time (s): cpu = 00:00:52 ; elapsed = 00:00:54 . Memory (MB): peak = 1959.234 ; gain = 1180.367
---------------------------------------------------------------------------------
---------------------------------------------------------------------------------
Start Renaming Generated Instances
---------------------------------------------------------------------------------
---------------------------------------------------------------------------------
Finished Renaming Generated Instances : Time (s): cpu = 00:00:52 ; elapsed = 00:00:54 . Memory (MB): peak = 1959.234 ; gain = 1180.367
---------------------------------------------------------------------------------
---------------------------------------------------------------------------------
Start Rebuilding User Hierarchy
---------------------------------------------------------------------------------
---------------------------------------------------------------------------------
Finished Rebuilding User Hierarchy : Time (s): cpu = 00:00:53 ; elapsed = 00:00:54 . Memory (MB): peak = 1959.234 ; gain = 1180.367
---------------------------------------------------------------------------------
---------------------------------------------------------------------------------
Start Renaming Generated Ports
---------------------------------------------------------------------------------
---------------------------------------------------------------------------------
Finished Renaming Generated Ports : Time (s): cpu = 00:00:53 ; elapsed = 00:00:54 . Memory (MB): peak = 1959.234 ; gain = 1180.367
---------------------------------------------------------------------------------
---------------------------------------------------------------------------------
Start Handling Custom Attributes
---------------------------------------------------------------------------------
---------------------------------------------------------------------------------
Finished Handling Custom Attributes : Time (s): cpu = 00:00:53 ; elapsed = 00:00:54 . Memory (MB): peak = 1959.234 ; gain = 1180.367
---------------------------------------------------------------------------------
---------------------------------------------------------------------------------
Start Renaming Generated Nets
---------------------------------------------------------------------------------
---------------------------------------------------------------------------------
Finished Renaming Generated Nets : Time (s): cpu = 00:00:53 ; elapsed = 00:00:54 . Memory (MB): peak = 1959.234 ; gain = 1180.367
---------------------------------------------------------------------------------
---------------------------------------------------------------------------------
Start Writing Synthesis Report
---------------------------------------------------------------------------------

DSP Final Report (the ' indicates corresponding REG is set)
+------------+-------------+--------+--------+--------+--------+--------+------+------+------+------+-------+------+------+
|Module Name | DSP Mapping | A Size | B Size | C Size | D Size | P Size | AREG | BREG | CREG | DREG | ADREG | MREG | PREG | 
+------------+-------------+--------+--------+--------+--------+--------+------+------+------+------+-------+------+------+
|hc020k      | A'*B        | 16     | 7      | -      | -      | 23     | 1    | 0    | -    | -    | -     | 0    | 0    | 
|hc020k      | A'*B        | 16     | 7      | -      | -      | 23     | 1    | 0    | -    | -    | -     | 0    | 0    | 
+------------+-------------+--------+--------+--------+--------+--------+------+------+------+------+-------+------+------+


Report BlackBoxes: 
+-+--------------+----------+
| |BlackBox name |Instances |
+-+--------------+----------+
+-+--------------+----------+

Report Cell Usage: 
+------+--------+------+
|      |Cell    |Count |
+------+--------+------+
|1     |BUFG    |     1|
|2     |CARRY4  |   503|
|3     |DSP48E1 |     2|
|4     |LUT1    |    97|
|5     |LUT2    |   617|
|6     |LUT3    |   395|
|7     |LUT4    |   416|
|8     |LUT5    |   449|
|9     |LUT6    |   746|
|10    |MUXF7   |     4|
|11    |FDRE    |   577|
|12    |IBUF    |    11|
|13    |OBUF    |    38|
+------+--------+------+
---------------------------------------------------------------------------------
Finished Writing Synthesis Report : Time (s): cpu = 00:00:53 ; elapsed = 00:00:54 . Memory (MB): peak = 1959.234 ; gain = 1180.367
---------------------------------------------------------------------------------
Synthesis finished with 0 errors, 0 critical warnings and 23 warnings.
Synthesis Optimization Runtime : Time (s): cpu = 00:00:42 ; elapsed = 00:00:52 . Memory (MB): peak = 1959.234 ; gain = 1146.410
Synthesis Optimization Complete : Time (s): cpu = 00:00:53 ; elapsed = 00:00:54 . Memory (MB): peak = 1959.234 ; gain = 1180.367
INFO: [Project 1-571] Translating synthesized netlist
Netlist sorting complete. Time (s): cpu = 00:00:01 ; elapsed = 00:00:00.042 . Memory (MB): peak = 1968.434 ; gain = 0.000
INFO: [Netlist 29-17] Analyzing 509 Unisim elements for replacement
INFO: [Netlist 29-28] Unisim Transformation completed in 0 CPU seconds
INFO: [Project 1-570] Preparing netlist for logic optimization
INFO: [Opt 31-138] Pushed 0 inverter(s) to 0 load pin(s).
Netlist sorting complete. Time (s): cpu = 00:00:00 ; elapsed = 00:00:00.002 . Memory (MB): peak = 1972.113 ; gain = 0.000
INFO: [Project 1-111] Unisim Transformation Summary:
No Unisim elements were transformed.

Synth Design complete | Checksum: 82f1a61d
INFO: [Common 17-83] Releasing license: Synthesis
34 Infos, 46 Warnings, 0 Critical Warnings and 0 Errors encountered.
synth_design completed successfully
synth_design: Time (s): cpu = 00:00:59 ; elapsed = 00:01:02 . Memory (MB): peak = 1972.113 ; gain = 1380.930
Write ShapeDB Complete: Time (s): cpu = 00:00:00 ; elapsed = 00:00:00.015 . Memory (MB): peak = 1972.113 ; gain = 0.000
INFO: [Common 17-1381] The checkpoint 'C:/Users/Gabriel Liberato/Gearbox_Project/Gabriel_Files/Gearbox_Project.runs/synth_1/main_motor_top_pwm.dcp' has been generated.
INFO: [Vivado 12-24828] Executing command : report_utilization -file main_motor_top_pwm_utilization_synth.rpt -pb main_motor_top_pwm_utilization_synth.pb
INFO: [Common 17-206] Exiting Vivado at Thu May 28 11:34:16 2026...
